-- The C compiler identification is GNU 11.4.0
-- The CXX compiler identification is GNU 11.4.0
-- Detecting C compiler ABI info
-- Detecting C compiler ABI info - done
-- Check for working C compiler: /usr/bin/cc - skipped
-- Detecting C compile features
-- Detecting C compile features - done
-- Detecting CXX compiler ABI info
-- Detecting CXX compiler ABI info - done
-- Check for working CXX compiler: /usr/bin/c++ - skipped
-- Detecting CXX compile features
-- Detecting CXX compile features - done
-- Found ament_cmake: 1.3.11 (/opt/ros/humble/share/ament_cmake/cmake)
-- Found Python3: /usr/bin/python3 (found version "3.10.12") found components: Interpreter 
-- Override CMake install command with custom implementation using symlinks instead of copying resources
-- Configuring done
-- Generating done
-- Build files have been written to: /home/linda/blindenhund-dimos/go2_ws/build/go2_gazebo
-- Install configuration: ""
-- Execute custom install script
-- Symlinking: /home/linda/blindenhund-dimos/go2_ws/install/go2_gazebo/share/go2_gazebo/launch/bringup.launch.py
-- Symlinking: /home/linda/blindenhund-dimos/go2_ws/install/go2_gazebo/share/go2_gazebo/launch/gazebo.launch.py
-- Symlinking: /home/linda/blindenhund-dimos/go2_ws/install/go2_gazebo/share/go2_gazebo/launch/gazebo_velodyne.launch.py
-- Symlinking: /home/linda/blindenhund-dimos/go2_ws/install/go2_gazebo/share/go2_gazebo/worlds/default.world
-- Symlinking: /home/linda/blindenhund-dimos/go2_ws/install/go2_gazebo/share/go2_gazebo/worlds/outdoor.world
-- Symlinking: /home/linda/blindenhund-dimos/go2_ws/install/go2_gazebo/share/go2_gazebo/worlds/playground.world
-- Symlinking: /home/linda/blindenhund-dimos/go2_ws/install/go2_gazebo/share/ament_index/resource_index/package_run_dependencies/go2_gazebo
-- Symlinking: /home/linda/blindenhund-dimos/go2_ws/install/go2_gazebo/share/ament_index/resource_index/parent_prefix_path/go2_gazebo
-- Symlinking: /home/linda/blindenhund-dimos/go2_ws/install/go2_gazebo/share/go2_gazebo/environment/ament_prefix_path.sh
-- Symlinking: /home/linda/blindenhund-dimos/go2_ws/install/go2_gazebo/share/go2_gazebo/environment/ament_prefix_path.dsv
-- Symlinking: /home/linda/blindenhund-dimos/go2_ws/install/go2_gazebo/share/go2_gazebo/environment/path.sh
-- Symlinking: /home/linda/blindenhund-dimos/go2_ws/install/go2_gazebo/share/go2_gazebo/environment/path.dsv
-- Symlinking: /home/linda/blindenhund-dimos/go2_ws/install/go2_gazebo/share/go2_gazebo/local_setup.bash
-- Symlinking: /home/linda/blindenhund-dimos/go2_ws/install/go2_gazebo/share/go2_gazebo/local_setup.sh
-- Symlinking: /home/linda/blindenhund-dimos/go2_ws/install/go2_gazebo/share/go2_gazebo/local_setup.zsh
-- Symlinking: /home/linda/blindenhund-dimos/go2_ws/install/go2_gazebo/share/go2_gazebo/local_setup.dsv
-- Symlinking: /home/linda/blindenhund-dimos/go2_ws/install/go2_gazebo/share/go2_gazebo/package.dsv
-- Symlinking: /home/linda/blindenhund-dimos/go2_ws/install/go2_gazebo/share/ament_index/resource_index/packages/go2_gazebo
-- Symlinking: /home/linda/blindenhund-dimos/go2_ws/install/go2_gazebo/share/go2_gazebo/cmake/go2_gazeboConfig.cmake
-- Symlinking: /home/linda/blindenhund-dimos/go2_ws/install/go2_gazebo/share/go2_gazebo/cmake/go2_gazeboConfig-version.cmake
-- Symlinking: /home/linda/blindenhund-dimos/go2_ws/install/go2_gazebo/share/go2_gazebo/package.xml
