[0.064s] Invoking command in '/home/linda/blindenhund-dimos/go2_ws/build/go2_gazebo': CMAKE_PREFIX_PATH=${CMAKE_PREFIX_PATH}:/home/linda/blindenhund-dimos/go2_ws/install/go2_bringup:/home/linda/ros2_ws/install/py_srvcli:/home/linda/ros2_ws/install/py_pubsub:/home/linda/ros2_ws/install/my_package:/home/linda/ros2_ws/install/launch_testing_examples:/home/linda/ros2_ws/install/examples_rclpy_pointcloud_publisher:/home/linda/ros2_ws/install/examples_rclpy_minimal_subscriber:/home/linda/ros2_ws/install/examples_rclpy_minimal_service:/home/linda/ros2_ws/install/examples_rclpy_minimal_publisher:/home/linda/ros2_ws/install/examples_rclpy_minimal_client:/home/linda/ros2_ws/install/examples_rclpy_minimal_action_server:/home/linda/ros2_ws/install/examples_rclpy_minimal_action_client:/home/linda/ros2_ws/install/examples_rclpy_guard_conditions:/home/linda/ros2_ws/install/examples_rclpy_executors:/home/linda/ros2_ws/install/examples_rclcpp_minimal_timer:/home/linda/ros2_ws/install/examples_rclcpp_minimal_publisher:/home/linda/ros2_ws/install/examples_rclcpp_async_client:/opt/ros/humble /usr/bin/cmake /home/linda/blindenhund-dimos/go2_ws/src/go2_gazebo -DAMENT_CMAKE_SYMLINK_INSTALL=1 -DCMAKE_INSTALL_PREFIX=/home/linda/blindenhund-dimos/go2_ws/install/go2_gazebo
[0.483s] -- The C compiler identification is GNU 11.4.0
[1.147s] -- The CXX compiler identification is GNU 11.4.0
[1.557s] -- Detecting C compiler ABI info
[1.826s] -- Detecting C compiler ABI info - done
[1.846s] -- Check for working C compiler: /usr/bin/cc - skipped
[1.846s] -- Detecting C compile features
[1.847s] -- Detecting C compile features - done
[1.854s] -- Detecting CXX compiler ABI info
[2.159s] -- Detecting CXX compiler ABI info - done
[2.183s] -- Check for working CXX compiler: /usr/bin/c++ - skipped
[2.184s] -- Detecting CXX compile features
[2.185s] -- Detecting CXX compile features - done
[2.200s] -- Found ament_cmake: 1.3.11 (/opt/ros/humble/share/ament_cmake/cmake)
[2.587s] -- Found Python3: /usr/bin/python3 (found version "3.10.12") found components: Interpreter 
[2.749s] -- Override CMake install command with custom implementation using symlinks instead of copying resources
[3.063s] -- Configuring done
[3.080s] -- Generating done
[3.089s] -- Build files have been written to: /home/linda/blindenhund-dimos/go2_ws/build/go2_gazebo
[3.094s] Invoked command in '/home/linda/blindenhund-dimos/go2_ws/build/go2_gazebo' returned '0': CMAKE_PREFIX_PATH=${CMAKE_PREFIX_PATH}:/home/linda/blindenhund-dimos/go2_ws/install/go2_bringup:/home/linda/ros2_ws/install/py_srvcli:/home/linda/ros2_ws/install/py_pubsub:/home/linda/ros2_ws/install/my_package:/home/linda/ros2_ws/install/launch_testing_examples:/home/linda/ros2_ws/install/examples_rclpy_pointcloud_publisher:/home/linda/ros2_ws/install/examples_rclpy_minimal_subscriber:/home/linda/ros2_ws/install/examples_rclpy_minimal_service:/home/linda/ros2_ws/install/examples_rclpy_minimal_publisher:/home/linda/ros2_ws/install/examples_rclpy_minimal_client:/home/linda/ros2_ws/install/examples_rclpy_minimal_action_server:/home/linda/ros2_ws/install/examples_rclpy_minimal_action_client:/home/linda/ros2_ws/install/examples_rclpy_guard_conditions:/home/linda/ros2_ws/install/examples_rclpy_executors:/home/linda/ros2_ws/install/examples_rclcpp_minimal_timer:/home/linda/ros2_ws/install/examples_rclcpp_minimal_publisher:/home/linda/ros2_ws/install/examples_rclcpp_async_client:/opt/ros/humble /usr/bin/cmake /home/linda/blindenhund-dimos/go2_ws/src/go2_gazebo -DAMENT_CMAKE_SYMLINK_INSTALL=1 -DCMAKE_INSTALL_PREFIX=/home/linda/blindenhund-dimos/go2_ws/install/go2_gazebo
[3.096s] Invoking command in '/home/linda/blindenhund-dimos/go2_ws/build/go2_gazebo': CMAKE_PREFIX_PATH=${CMAKE_PREFIX_PATH}:/home/linda/blindenhund-dimos/go2_ws/install/go2_bringup:/home/linda/ros2_ws/install/py_srvcli:/home/linda/ros2_ws/install/py_pubsub:/home/linda/ros2_ws/install/my_package:/home/linda/ros2_ws/install/launch_testing_examples:/home/linda/ros2_ws/install/examples_rclpy_pointcloud_publisher:/home/linda/ros2_ws/install/examples_rclpy_minimal_subscriber:/home/linda/ros2_ws/install/examples_rclpy_minimal_service:/home/linda/ros2_ws/install/examples_rclpy_minimal_publisher:/home/linda/ros2_ws/install/examples_rclpy_minimal_client:/home/linda/ros2_ws/install/examples_rclpy_minimal_action_server:/home/linda/ros2_ws/install/examples_rclpy_minimal_action_client:/home/linda/ros2_ws/install/examples_rclpy_guard_conditions:/home/linda/ros2_ws/install/examples_rclpy_executors:/home/linda/ros2_ws/install/examples_rclcpp_minimal_timer:/home/linda/ros2_ws/install/examples_rclcpp_minimal_publisher:/home/linda/ros2_ws/install/examples_rclcpp_async_client:/opt/ros/humble /usr/bin/cmake --build /home/linda/blindenhund-dimos/go2_ws/build/go2_gazebo -- -j12 -l12
[3.184s] Invoked command in '/home/linda/blindenhund-dimos/go2_ws/build/go2_gazebo' returned '0': CMAKE_PREFIX_PATH=${CMAKE_PREFIX_PATH}:/home/linda/blindenhund-dimos/go2_ws/install/go2_bringup:/home/linda/ros2_ws/install/py_srvcli:/home/linda/ros2_ws/install/py_pubsub:/home/linda/ros2_ws/install/my_package:/home/linda/ros2_ws/install/launch_testing_examples:/home/linda/ros2_ws/install/examples_rclpy_pointcloud_publisher:/home/linda/ros2_ws/install/examples_rclpy_minimal_subscriber:/home/linda/ros2_ws/install/examples_rclpy_minimal_service:/home/linda/ros2_ws/install/examples_rclpy_minimal_publisher:/home/linda/ros2_ws/install/examples_rclpy_minimal_client:/home/linda/ros2_ws/install/examples_rclpy_minimal_action_server:/home/linda/ros2_ws/install/examples_rclpy_minimal_action_client:/home/linda/ros2_ws/install/examples_rclpy_guard_conditions:/home/linda/ros2_ws/install/examples_rclpy_executors:/home/linda/ros2_ws/install/examples_rclcpp_minimal_timer:/home/linda/ros2_ws/install/examples_rclcpp_minimal_publisher:/home/linda/ros2_ws/install/examples_rclcpp_async_client:/opt/ros/humble /usr/bin/cmake --build /home/linda/blindenhund-dimos/go2_ws/build/go2_gazebo -- -j12 -l12
[3.189s] Invoking command in '/home/linda/blindenhund-dimos/go2_ws/build/go2_gazebo': CMAKE_PREFIX_PATH=${CMAKE_PREFIX_PATH}:/home/linda/blindenhund-dimos/go2_ws/install/go2_bringup:/home/linda/ros2_ws/install/py_srvcli:/home/linda/ros2_ws/install/py_pubsub:/home/linda/ros2_ws/install/my_package:/home/linda/ros2_ws/install/launch_testing_examples:/home/linda/ros2_ws/install/examples_rclpy_pointcloud_publisher:/home/linda/ros2_ws/install/examples_rclpy_minimal_subscriber:/home/linda/ros2_ws/install/examples_rclpy_minimal_service:/home/linda/ros2_ws/install/examples_rclpy_minimal_publisher:/home/linda/ros2_ws/install/examples_rclpy_minimal_client:/home/linda/ros2_ws/install/examples_rclpy_minimal_action_server:/home/linda/ros2_ws/install/examples_rclpy_minimal_action_client:/home/linda/ros2_ws/install/examples_rclpy_guard_conditions:/home/linda/ros2_ws/install/examples_rclpy_executors:/home/linda/ros2_ws/install/examples_rclcpp_minimal_timer:/home/linda/ros2_ws/install/examples_rclcpp_minimal_publisher:/home/linda/ros2_ws/install/examples_rclcpp_async_client:/opt/ros/humble /usr/bin/cmake --install /home/linda/blindenhund-dimos/go2_ws/build/go2_gazebo
[3.202s] -- Install configuration: ""
[3.203s] -- Execute custom install script
[3.208s] -- Symlinking: /home/linda/blindenhund-dimos/go2_ws/install/go2_gazebo/share/go2_gazebo/launch/bringup.launch.py
[3.224s] -- Symlinking: /home/linda/blindenhund-dimos/go2_ws/install/go2_gazebo/share/go2_gazebo/launch/gazebo.launch.py
[3.240s] -- Symlinking: /home/linda/blindenhund-dimos/go2_ws/install/go2_gazebo/share/go2_gazebo/launch/gazebo_velodyne.launch.py
[3.256s] -- Symlinking: /home/linda/blindenhund-dimos/go2_ws/install/go2_gazebo/share/go2_gazebo/worlds/default.world
[3.271s] -- Symlinking: /home/linda/blindenhund-dimos/go2_ws/install/go2_gazebo/share/go2_gazebo/worlds/outdoor.world
[3.291s] -- Symlinking: /home/linda/blindenhund-dimos/go2_ws/install/go2_gazebo/share/go2_gazebo/worlds/playground.world
[3.311s] -- Symlinking: /home/linda/blindenhund-dimos/go2_ws/install/go2_gazebo/share/ament_index/resource_index/package_run_dependencies/go2_gazebo
[3.332s] -- Symlinking: /home/linda/blindenhund-dimos/go2_ws/install/go2_gazebo/share/ament_index/resource_index/parent_prefix_path/go2_gazebo
[3.353s] -- Symlinking: /home/linda/blindenhund-dimos/go2_ws/install/go2_gazebo/share/go2_gazebo/environment/ament_prefix_path.sh
[3.372s] -- Symlinking: /home/linda/blindenhund-dimos/go2_ws/install/go2_gazebo/share/go2_gazebo/environment/ament_prefix_path.dsv
[3.391s] -- Symlinking: /home/linda/blindenhund-dimos/go2_ws/install/go2_gazebo/share/go2_gazebo/environment/path.sh
[3.406s] -- Symlinking: /home/linda/blindenhund-dimos/go2_ws/install/go2_gazebo/share/go2_gazebo/environment/path.dsv
[3.425s] -- Symlinking: /home/linda/blindenhund-dimos/go2_ws/install/go2_gazebo/share/go2_gazebo/local_setup.bash
[3.441s] -- Symlinking: /home/linda/blindenhund-dimos/go2_ws/install/go2_gazebo/share/go2_gazebo/local_setup.sh
[3.457s] -- Symlinking: /home/linda/blindenhund-dimos/go2_ws/install/go2_gazebo/share/go2_gazebo/local_setup.zsh
[3.472s] -- Symlinking: /home/linda/blindenhund-dimos/go2_ws/install/go2_gazebo/share/go2_gazebo/local_setup.dsv
[3.488s] -- Symlinking: /home/linda/blindenhund-dimos/go2_ws/install/go2_gazebo/share/go2_gazebo/package.dsv
[3.507s] -- Symlinking: /home/linda/blindenhund-dimos/go2_ws/install/go2_gazebo/share/ament_index/resource_index/packages/go2_gazebo
[3.522s] -- Symlinking: /home/linda/blindenhund-dimos/go2_ws/install/go2_gazebo/share/go2_gazebo/cmake/go2_gazeboConfig.cmake
[3.538s] -- Symlinking: /home/linda/blindenhund-dimos/go2_ws/install/go2_gazebo/share/go2_gazebo/cmake/go2_gazeboConfig-version.cmake
[3.556s] -- Symlinking: /home/linda/blindenhund-dimos/go2_ws/install/go2_gazebo/share/go2_gazebo/package.xml
[3.576s] Invoked command in '/home/linda/blindenhund-dimos/go2_ws/build/go2_gazebo' returned '0': CMAKE_PREFIX_PATH=${CMAKE_PREFIX_PATH}:/home/linda/blindenhund-dimos/go2_ws/install/go2_bringup:/home/linda/ros2_ws/install/py_srvcli:/home/linda/ros2_ws/install/py_pubsub:/home/linda/ros2_ws/install/my_package:/home/linda/ros2_ws/install/launch_testing_examples:/home/linda/ros2_ws/install/examples_rclpy_pointcloud_publisher:/home/linda/ros2_ws/install/examples_rclpy_minimal_subscriber:/home/linda/ros2_ws/install/examples_rclpy_minimal_service:/home/linda/ros2_ws/install/examples_rclpy_minimal_publisher:/home/linda/ros2_ws/install/examples_rclpy_minimal_client:/home/linda/ros2_ws/install/examples_rclpy_minimal_action_server:/home/linda/ros2_ws/install/examples_rclpy_minimal_action_client:/home/linda/ros2_ws/install/examples_rclpy_guard_conditions:/home/linda/ros2_ws/install/examples_rclpy_executors:/home/linda/ros2_ws/install/examples_rclcpp_minimal_timer:/home/linda/ros2_ws/install/examples_rclcpp_minimal_publisher:/home/linda/ros2_ws/install/examples_rclcpp_async_client:/opt/ros/humble /usr/bin/cmake --install /home/linda/blindenhund-dimos/go2_ws/build/go2_gazebo
