[0.055s] Invoking command in '/home/linda/blindenhund-dimos/go2_ws/build/go2_navigation': CMAKE_PREFIX_PATH=${CMAKE_PREFIX_PATH}:/home/linda/blindenhund-dimos/go2_ws/install/go2_bringup:/home/linda/ros2_ws/install/py_srvcli:/home/linda/ros2_ws/install/py_pubsub:/home/linda/ros2_ws/install/my_package:/home/linda/ros2_ws/install/launch_testing_examples:/home/linda/ros2_ws/install/examples_rclpy_pointcloud_publisher:/home/linda/ros2_ws/install/examples_rclpy_minimal_subscriber:/home/linda/ros2_ws/install/examples_rclpy_minimal_service:/home/linda/ros2_ws/install/examples_rclpy_minimal_publisher:/home/linda/ros2_ws/install/examples_rclpy_minimal_client:/home/linda/ros2_ws/install/examples_rclpy_minimal_action_server:/home/linda/ros2_ws/install/examples_rclpy_minimal_action_client:/home/linda/ros2_ws/install/examples_rclpy_guard_conditions:/home/linda/ros2_ws/install/examples_rclpy_executors:/home/linda/ros2_ws/install/examples_rclcpp_minimal_timer:/home/linda/ros2_ws/install/examples_rclcpp_minimal_publisher:/home/linda/ros2_ws/install/examples_rclcpp_async_client:/opt/ros/humble /usr/bin/cmake /home/linda/blindenhund-dimos/go2_ws/src/go2_navigation -DAMENT_CMAKE_SYMLINK_INSTALL=1 -DCMAKE_INSTALL_PREFIX=/home/linda/blindenhund-dimos/go2_ws/install/go2_navigation
[0.452s] -- The C compiler identification is GNU 11.4.0
[1.077s] -- The CXX compiler identification is GNU 11.4.0
[1.384s] -- Detecting C compiler ABI info
[1.679s] -- Detecting C compiler ABI info - done
[1.693s] -- Check for working C compiler: /usr/bin/cc - skipped
[1.696s] -- Detecting C compile features
[1.697s] -- Detecting C compile features - done
[1.705s] -- Detecting CXX compiler ABI info
[1.972s] -- Detecting CXX compiler ABI info - done
[1.987s] -- Check for working CXX compiler: /usr/bin/c++ - skipped
[1.987s] -- Detecting CXX compile features
[1.988s] -- Detecting CXX compile features - done
[2.078s] -- Found ament_cmake: 1.3.11 (/opt/ros/humble/share/ament_cmake/cmake)
[2.506s] -- Found Python3: /usr/bin/python3 (found version "3.10.12") found components: Interpreter 
[2.691s] -- Override CMake install command with custom implementation using symlinks instead of copying resources
[3.023s] -- Configuring done
[3.036s] -- Generating done
[3.041s] -- Build files have been written to: /home/linda/blindenhund-dimos/go2_ws/build/go2_navigation
[3.052s] Invoked command in '/home/linda/blindenhund-dimos/go2_ws/build/go2_navigation' returned '0': CMAKE_PREFIX_PATH=${CMAKE_PREFIX_PATH}:/home/linda/blindenhund-dimos/go2_ws/install/go2_bringup:/home/linda/ros2_ws/install/py_srvcli:/home/linda/ros2_ws/install/py_pubsub:/home/linda/ros2_ws/install/my_package:/home/linda/ros2_ws/install/launch_testing_examples:/home/linda/ros2_ws/install/examples_rclpy_pointcloud_publisher:/home/linda/ros2_ws/install/examples_rclpy_minimal_subscriber:/home/linda/ros2_ws/install/examples_rclpy_minimal_service:/home/linda/ros2_ws/install/examples_rclpy_minimal_publisher:/home/linda/ros2_ws/install/examples_rclpy_minimal_client:/home/linda/ros2_ws/install/examples_rclpy_minimal_action_server:/home/linda/ros2_ws/install/examples_rclpy_minimal_action_client:/home/linda/ros2_ws/install/examples_rclpy_guard_conditions:/home/linda/ros2_ws/install/examples_rclpy_executors:/home/linda/ros2_ws/install/examples_rclcpp_minimal_timer:/home/linda/ros2_ws/install/examples_rclcpp_minimal_publisher:/home/linda/ros2_ws/install/examples_rclcpp_async_client:/opt/ros/humble /usr/bin/cmake /home/linda/blindenhund-dimos/go2_ws/src/go2_navigation -DAMENT_CMAKE_SYMLINK_INSTALL=1 -DCMAKE_INSTALL_PREFIX=/home/linda/blindenhund-dimos/go2_ws/install/go2_navigation
[3.058s] Invoking command in '/home/linda/blindenhund-dimos/go2_ws/build/go2_navigation': CMAKE_PREFIX_PATH=${CMAKE_PREFIX_PATH}:/home/linda/blindenhund-dimos/go2_ws/install/go2_bringup:/home/linda/ros2_ws/install/py_srvcli:/home/linda/ros2_ws/install/py_pubsub:/home/linda/ros2_ws/install/my_package:/home/linda/ros2_ws/install/launch_testing_examples:/home/linda/ros2_ws/install/examples_rclpy_pointcloud_publisher:/home/linda/ros2_ws/install/examples_rclpy_minimal_subscriber:/home/linda/ros2_ws/install/examples_rclpy_minimal_service:/home/linda/ros2_ws/install/examples_rclpy_minimal_publisher:/home/linda/ros2_ws/install/examples_rclpy_minimal_client:/home/linda/ros2_ws/install/examples_rclpy_minimal_action_server:/home/linda/ros2_ws/install/examples_rclpy_minimal_action_client:/home/linda/ros2_ws/install/examples_rclpy_guard_conditions:/home/linda/ros2_ws/install/examples_rclpy_executors:/home/linda/ros2_ws/install/examples_rclcpp_minimal_timer:/home/linda/ros2_ws/install/examples_rclcpp_minimal_publisher:/home/linda/ros2_ws/install/examples_rclcpp_async_client:/opt/ros/humble /usr/bin/cmake --build /home/linda/blindenhund-dimos/go2_ws/build/go2_navigation -- -j12 -l12
[3.132s] Invoked command in '/home/linda/blindenhund-dimos/go2_ws/build/go2_navigation' returned '0': CMAKE_PREFIX_PATH=${CMAKE_PREFIX_PATH}:/home/linda/blindenhund-dimos/go2_ws/install/go2_bringup:/home/linda/ros2_ws/install/py_srvcli:/home/linda/ros2_ws/install/py_pubsub:/home/linda/ros2_ws/install/my_package:/home/linda/ros2_ws/install/launch_testing_examples:/home/linda/ros2_ws/install/examples_rclpy_pointcloud_publisher:/home/linda/ros2_ws/install/examples_rclpy_minimal_subscriber:/home/linda/ros2_ws/install/examples_rclpy_minimal_service:/home/linda/ros2_ws/install/examples_rclpy_minimal_publisher:/home/linda/ros2_ws/install/examples_rclpy_minimal_client:/home/linda/ros2_ws/install/examples_rclpy_minimal_action_server:/home/linda/ros2_ws/install/examples_rclpy_minimal_action_client:/home/linda/ros2_ws/install/examples_rclpy_guard_conditions:/home/linda/ros2_ws/install/examples_rclpy_executors:/home/linda/ros2_ws/install/examples_rclcpp_minimal_timer:/home/linda/ros2_ws/install/examples_rclcpp_minimal_publisher:/home/linda/ros2_ws/install/examples_rclcpp_async_client:/opt/ros/humble /usr/bin/cmake --build /home/linda/blindenhund-dimos/go2_ws/build/go2_navigation -- -j12 -l12
[3.151s] Invoking command in '/home/linda/blindenhund-dimos/go2_ws/build/go2_navigation': CMAKE_PREFIX_PATH=${CMAKE_PREFIX_PATH}:/home/linda/blindenhund-dimos/go2_ws/install/go2_bringup:/home/linda/ros2_ws/install/py_srvcli:/home/linda/ros2_ws/install/py_pubsub:/home/linda/ros2_ws/install/my_package:/home/linda/ros2_ws/install/launch_testing_examples:/home/linda/ros2_ws/install/examples_rclpy_pointcloud_publisher:/home/linda/ros2_ws/install/examples_rclpy_minimal_subscriber:/home/linda/ros2_ws/install/examples_rclpy_minimal_service:/home/linda/ros2_ws/install/examples_rclpy_minimal_publisher:/home/linda/ros2_ws/install/examples_rclpy_minimal_client:/home/linda/ros2_ws/install/examples_rclpy_minimal_action_server:/home/linda/ros2_ws/install/examples_rclpy_minimal_action_client:/home/linda/ros2_ws/install/examples_rclpy_guard_conditions:/home/linda/ros2_ws/install/examples_rclpy_executors:/home/linda/ros2_ws/install/examples_rclcpp_minimal_timer:/home/linda/ros2_ws/install/examples_rclcpp_minimal_publisher:/home/linda/ros2_ws/install/examples_rclcpp_async_client:/opt/ros/humble /usr/bin/cmake --install /home/linda/blindenhund-dimos/go2_ws/build/go2_navigation
[3.166s] -- Install configuration: ""
[3.167s] -- Execute custom install script
[3.172s] -- Symlinking: /home/linda/blindenhund-dimos/go2_ws/install/go2_navigation/share/go2_navigation/config/autonomy/navigation.yaml
[3.190s] -- Symlinking: /home/linda/blindenhund-dimos/go2_ws/install/go2_navigation/share/go2_navigation/config/autonomy/slam.yaml
[3.209s] -- Symlinking: /home/linda/blindenhund-dimos/go2_ws/install/go2_navigation/share/go2_navigation/config/gait/gait.yaml
[3.226s] -- Symlinking: /home/linda/blindenhund-dimos/go2_ws/install/go2_navigation/share/go2_navigation/config/joints/joints.yaml
[3.246s] -- Symlinking: /home/linda/blindenhund-dimos/go2_ws/install/go2_navigation/share/go2_navigation/config/links/links.yaml
[3.263s] -- Symlinking: /home/linda/blindenhund-dimos/go2_ws/install/go2_navigation/share/go2_navigation/config/ros_control/ros_control.yaml
[3.280s] -- Symlinking: /home/linda/blindenhund-dimos/go2_ws/install/go2_navigation/share/go2_navigation/maps/map.pgm
[3.296s] -- Symlinking: /home/linda/blindenhund-dimos/go2_ws/install/go2_navigation/share/go2_navigation/maps/map.yaml
[3.313s] -- Symlinking: /home/linda/blindenhund-dimos/go2_ws/install/go2_navigation/share/go2_navigation/maps/playground.pgm
[3.328s] -- Symlinking: /home/linda/blindenhund-dimos/go2_ws/install/go2_navigation/share/go2_navigation/maps/playground.yaml
[3.346s] -- Symlinking: /home/linda/blindenhund-dimos/go2_ws/install/go2_navigation/share/go2_navigation/navigate.launch.py
[3.362s] -- Symlinking: /home/linda/blindenhund-dimos/go2_ws/install/go2_navigation/share/go2_navigation/slam.launch.py
[3.378s] -- Symlinking: /home/linda/blindenhund-dimos/go2_ws/install/go2_navigation/share/ament_index/resource_index/package_run_dependencies/go2_navigation
[3.394s] -- Symlinking: /home/linda/blindenhund-dimos/go2_ws/install/go2_navigation/share/ament_index/resource_index/parent_prefix_path/go2_navigation
[3.415s] -- Symlinking: /home/linda/blindenhund-dimos/go2_ws/install/go2_navigation/share/go2_navigation/environment/ament_prefix_path.sh
[3.430s] -- Symlinking: /home/linda/blindenhund-dimos/go2_ws/install/go2_navigation/share/go2_navigation/environment/ament_prefix_path.dsv
[3.445s] -- Symlinking: /home/linda/blindenhund-dimos/go2_ws/install/go2_navigation/share/go2_navigation/environment/path.sh
[3.463s] -- Symlinking: /home/linda/blindenhund-dimos/go2_ws/install/go2_navigation/share/go2_navigation/environment/path.dsv
[3.478s] -- Symlinking: /home/linda/blindenhund-dimos/go2_ws/install/go2_navigation/share/go2_navigation/local_setup.bash
[3.493s] -- Symlinking: /home/linda/blindenhund-dimos/go2_ws/install/go2_navigation/share/go2_navigation/local_setup.sh
[3.509s] -- Symlinking: /home/linda/blindenhund-dimos/go2_ws/install/go2_navigation/share/go2_navigation/local_setup.zsh
[3.525s] -- Symlinking: /home/linda/blindenhund-dimos/go2_ws/install/go2_navigation/share/go2_navigation/local_setup.dsv
[3.541s] -- Symlinking: /home/linda/blindenhund-dimos/go2_ws/install/go2_navigation/share/go2_navigation/package.dsv
[3.559s] -- Symlinking: /home/linda/blindenhund-dimos/go2_ws/install/go2_navigation/share/ament_index/resource_index/packages/go2_navigation
[3.577s] -- Symlinking: /home/linda/blindenhund-dimos/go2_ws/install/go2_navigation/share/go2_navigation/cmake/go2_navigationConfig.cmake
[3.595s] -- Symlinking: /home/linda/blindenhund-dimos/go2_ws/install/go2_navigation/share/go2_navigation/cmake/go2_navigationConfig-version.cmake
[3.616s] -- Symlinking: /home/linda/blindenhund-dimos/go2_ws/install/go2_navigation/share/go2_navigation/package.xml
[3.639s] Invoked command in '/home/linda/blindenhund-dimos/go2_ws/build/go2_navigation' returned '0': CMAKE_PREFIX_PATH=${CMAKE_PREFIX_PATH}:/home/linda/blindenhund-dimos/go2_ws/install/go2_bringup:/home/linda/ros2_ws/install/py_srvcli:/home/linda/ros2_ws/install/py_pubsub:/home/linda/ros2_ws/install/my_package:/home/linda/ros2_ws/install/launch_testing_examples:/home/linda/ros2_ws/install/examples_rclpy_pointcloud_publisher:/home/linda/ros2_ws/install/examples_rclpy_minimal_subscriber:/home/linda/ros2_ws/install/examples_rclpy_minimal_service:/home/linda/ros2_ws/install/examples_rclpy_minimal_publisher:/home/linda/ros2_ws/install/examples_rclpy_minimal_client:/home/linda/ros2_ws/install/examples_rclpy_minimal_action_server:/home/linda/ros2_ws/install/examples_rclpy_minimal_action_client:/home/linda/ros2_ws/install/examples_rclpy_guard_conditions:/home/linda/ros2_ws/install/examples_rclpy_executors:/home/linda/ros2_ws/install/examples_rclcpp_minimal_timer:/home/linda/ros2_ws/install/examples_rclcpp_minimal_publisher:/home/linda/ros2_ws/install/examples_rclcpp_async_client:/opt/ros/humble /usr/bin/cmake --install /home/linda/blindenhund-dimos/go2_ws/build/go2_navigation
