running develop
running egg_info
creating go2_bringup.egg-info
writing go2_bringup.egg-info/PKG-INFO
writing dependency_links to go2_bringup.egg-info/dependency_links.txt
writing requirements to go2_bringup.egg-info/requires.txt
writing top-level names to go2_bringup.egg-info/top_level.txt
writing manifest file 'go2_bringup.egg-info/SOURCES.txt'
reading manifest file 'go2_bringup.egg-info/SOURCES.txt'
writing manifest file 'go2_bringup.egg-info/SOURCES.txt'
running build_ext
Creating /home/linda/blindenhund-dimos/go2_ws/install/go2_bringup/lib/python3.10/site-packages/go2-bringup.egg-link (link to .)

Installed /home/linda/blindenhund-dimos/go2_ws/build/go2_bringup
running symlink_data
creating /home/linda/blindenhund-dimos/go2_ws/install/go2_bringup/share/ament_index
creating /home/linda/blindenhund-dimos/go2_ws/install/go2_bringup/share/ament_index/resource_index
creating /home/linda/blindenhund-dimos/go2_ws/install/go2_bringup/share/ament_index/resource_index/packages
symbolically linking /home/linda/blindenhund-dimos/go2_ws/build/go2_bringup/resource/go2_bringup -> /home/linda/blindenhund-dimos/go2_ws/install/go2_bringup/share/ament_index/resource_index/packages
symbolically linking /home/linda/blindenhund-dimos/go2_ws/build/go2_bringup/package.xml -> /home/linda/blindenhund-dimos/go2_ws/install/go2_bringup/share/go2_bringup
creating /home/linda/blindenhund-dimos/go2_ws/install/go2_bringup/share/go2_bringup/launch
symbolically linking /home/linda/blindenhund-dimos/go2_ws/build/go2_bringup/launch/full_sim.launch.py -> /home/linda/blindenhund-dimos/go2_ws/install/go2_bringup/share/go2_bringup/launch
