[0.823s] DEBUG:colcon:Command line arguments: ['/usr/bin/colcon', 'build', '--symlink-install']
[0.823s] DEBUG:colcon:Parsed command line arguments: Namespace(log_base=None, log_level=None, verb_name='build', build_base='build', install_base='install', merge_install=False, symlink_install=True, test_result_base=None, continue_on_error=False, executor='parallel', parallel_workers=12, event_handlers=None, ignore_user_meta=False, metas=['./colcon.meta'], base_paths=['.'], packages_ignore=None, packages_ignore_regex=None, paths=None, packages_up_to=None, packages_up_to_regex=None, packages_above=None, packages_above_and_dependencies=None, packages_above_depth=None, packages_select_by_dep=None, packages_skip_by_dep=None, packages_skip_up_to=None, packages_select_build_failed=False, packages_skip_build_finished=False, packages_select_test_failures=False, packages_skip_test_passed=False, packages_select=None, packages_skip=None, packages_select_regex=None, packages_skip_regex=None, packages_start=None, packages_end=None, allow_overriding=[], cmake_args=None, cmake_target=None, cmake_target_skip_unavailable=False, cmake_clean_cache=False, cmake_clean_first=False, cmake_force_configure=False, ament_cmake_args=None, catkin_cmake_args=None, catkin_skip_building_tests=False, mixin_files=None, mixin=None, verb_parser=<colcon_mixin.mixin.mixin_argument.MixinArgumentDecorator object at 0x7f235d0bdb40>, verb_extension=<colcon_core.verb.build.BuildVerb object at 0x7f235d242a10>, main=<bound method BuildVerb.main of <colcon_core.verb.build.BuildVerb object at 0x7f235d242a10>>, mixin_verb=('build',))
[1.776s] Level 1:colcon.colcon_core.package_discovery:discover_packages(colcon_meta) check parameters
[1.777s] Level 1:colcon.colcon_core.package_discovery:discover_packages(recursive) check parameters
[1.777s] Level 1:colcon.colcon_core.package_discovery:discover_packages(ignore) check parameters
[1.777s] Level 1:colcon.colcon_core.package_discovery:discover_packages(path) check parameters
[1.777s] Level 1:colcon.colcon_core.package_discovery:discover_packages(colcon_meta) discover
[1.777s] Level 1:colcon.colcon_core.package_discovery:discover_packages(recursive) discover
[1.777s] INFO:colcon.colcon_core.package_discovery:Crawling recursively for packages in '/home/linda/blindenhund-dimos/go2_ws'
[1.777s] Level 1:colcon.colcon_core.package_identification:_identify(.) by extensions ['ignore', 'ignore_ament_install']
[1.777s] Level 1:colcon.colcon_core.package_identification:_identify(.) by extension 'ignore'
[1.778s] Level 1:colcon.colcon_core.package_identification:_identify(.) by extension 'ignore_ament_install'
[1.778s] Level 1:colcon.colcon_core.package_identification:_identify(.) by extensions ['colcon_pkg']
[1.778s] Level 1:colcon.colcon_core.package_identification:_identify(.) by extension 'colcon_pkg'
[1.778s] Level 1:colcon.colcon_core.package_identification:_identify(.) by extensions ['colcon_meta']
[1.778s] Level 1:colcon.colcon_core.package_identification:_identify(.) by extension 'colcon_meta'
[1.779s] Level 1:colcon.colcon_core.package_identification:_identify(.) by extensions ['ros']
[1.779s] Level 1:colcon.colcon_core.package_identification:_identify(.) by extension 'ros'
[1.819s] Level 1:colcon.colcon_core.package_identification:_identify(.) by extensions ['cmake', 'python']
[1.820s] Level 1:colcon.colcon_core.package_identification:_identify(.) by extension 'cmake'
[1.820s] Level 1:colcon.colcon_core.package_identification:_identify(.) by extension 'python'
[1.820s] Level 1:colcon.colcon_core.package_identification:_identify(.) by extensions ['python_setup_py']
[1.820s] Level 1:colcon.colcon_core.package_identification:_identify(.) by extension 'python_setup_py'
[1.820s] Level 1:colcon.colcon_core.package_identification:_identify(build) by extensions ['ignore', 'ignore_ament_install']
[1.821s] Level 1:colcon.colcon_core.package_identification:_identify(build) by extension 'ignore'
[1.821s] Level 1:colcon.colcon_core.package_identification:_identify(build) ignored
[1.821s] Level 1:colcon.colcon_core.package_identification:_identify(install) by extensions ['ignore', 'ignore_ament_install']
[1.821s] Level 1:colcon.colcon_core.package_identification:_identify(install) by extension 'ignore'
[1.821s] Level 1:colcon.colcon_core.package_identification:_identify(install) ignored
[1.822s] Level 1:colcon.colcon_core.package_identification:_identify(log) by extensions ['ignore', 'ignore_ament_install']
[1.822s] Level 1:colcon.colcon_core.package_identification:_identify(log) by extension 'ignore'
[1.822s] Level 1:colcon.colcon_core.package_identification:_identify(log) ignored
[1.822s] Level 1:colcon.colcon_core.package_identification:_identify(src) by extensions ['ignore', 'ignore_ament_install']
[1.822s] Level 1:colcon.colcon_core.package_identification:_identify(src) by extension 'ignore'
[1.823s] Level 1:colcon.colcon_core.package_identification:_identify(src) by extension 'ignore_ament_install'
[1.823s] Level 1:colcon.colcon_core.package_identification:_identify(src) by extensions ['colcon_pkg']
[1.823s] Level 1:colcon.colcon_core.package_identification:_identify(src) by extension 'colcon_pkg'
[1.823s] Level 1:colcon.colcon_core.package_identification:_identify(src) by extensions ['colcon_meta']
[1.823s] Level 1:colcon.colcon_core.package_identification:_identify(src) by extension 'colcon_meta'
[1.823s] Level 1:colcon.colcon_core.package_identification:_identify(src) by extensions ['ros']
[1.823s] Level 1:colcon.colcon_core.package_identification:_identify(src) by extension 'ros'
[1.823s] Level 1:colcon.colcon_core.package_identification:_identify(src) by extensions ['cmake', 'python']
[1.823s] Level 1:colcon.colcon_core.package_identification:_identify(src) by extension 'cmake'
[1.823s] Level 1:colcon.colcon_core.package_identification:_identify(src) by extension 'python'
[1.823s] Level 1:colcon.colcon_core.package_identification:_identify(src) by extensions ['python_setup_py']
[1.823s] Level 1:colcon.colcon_core.package_identification:_identify(src) by extension 'python_setup_py'
[1.824s] Level 1:colcon.colcon_core.package_identification:_identify(src/go2_bringup) by extensions ['ignore', 'ignore_ament_install']
[1.824s] Level 1:colcon.colcon_core.package_identification:_identify(src/go2_bringup) by extension 'ignore'
[1.824s] Level 1:colcon.colcon_core.package_identification:_identify(src/go2_bringup) by extension 'ignore_ament_install'
[1.824s] Level 1:colcon.colcon_core.package_identification:_identify(src/go2_bringup) by extensions ['colcon_pkg']
[1.824s] Level 1:colcon.colcon_core.package_identification:_identify(src/go2_bringup) by extension 'colcon_pkg'
[1.824s] Level 1:colcon.colcon_core.package_identification:_identify(src/go2_bringup) by extensions ['colcon_meta']
[1.824s] Level 1:colcon.colcon_core.package_identification:_identify(src/go2_bringup) by extension 'colcon_meta'
[1.824s] Level 1:colcon.colcon_core.package_identification:_identify(src/go2_bringup) by extensions ['ros']
[1.824s] Level 1:colcon.colcon_core.package_identification:_identify(src/go2_bringup) by extension 'ros'
[1.833s] DEBUG:colcon.colcon_core.package_identification:Package 'src/go2_bringup' with type 'ros.ament_python' and name 'go2_bringup'
[1.834s] Level 1:colcon.colcon_core.package_identification:_identify(src/go2_description) by extensions ['ignore', 'ignore_ament_install']
[1.834s] Level 1:colcon.colcon_core.package_identification:_identify(src/go2_description) by extension 'ignore'
[1.834s] Level 1:colcon.colcon_core.package_identification:_identify(src/go2_description) by extension 'ignore_ament_install'
[1.834s] Level 1:colcon.colcon_core.package_identification:_identify(src/go2_description) by extensions ['colcon_pkg']
[1.834s] Level 1:colcon.colcon_core.package_identification:_identify(src/go2_description) by extension 'colcon_pkg'
[1.834s] Level 1:colcon.colcon_core.package_identification:_identify(src/go2_description) by extensions ['colcon_meta']
[1.835s] Level 1:colcon.colcon_core.package_identification:_identify(src/go2_description) by extension 'colcon_meta'
[1.835s] Level 1:colcon.colcon_core.package_identification:_identify(src/go2_description) by extensions ['ros']
[1.835s] Level 1:colcon.colcon_core.package_identification:_identify(src/go2_description) by extension 'ros'
[1.836s] DEBUG:colcon.colcon_core.package_identification:Package 'src/go2_description' with type 'ros.ament_cmake' and name 'go2_description'
[1.836s] Level 1:colcon.colcon_core.package_identification:_identify(src/go2_gazebo) by extensions ['ignore', 'ignore_ament_install']
[1.837s] Level 1:colcon.colcon_core.package_identification:_identify(src/go2_gazebo) by extension 'ignore'
[1.837s] Level 1:colcon.colcon_core.package_identification:_identify(src/go2_gazebo) by extension 'ignore_ament_install'
[1.837s] Level 1:colcon.colcon_core.package_identification:_identify(src/go2_gazebo) by extensions ['colcon_pkg']
[1.837s] Level 1:colcon.colcon_core.package_identification:_identify(src/go2_gazebo) by extension 'colcon_pkg'
[1.837s] Level 1:colcon.colcon_core.package_identification:_identify(src/go2_gazebo) by extensions ['colcon_meta']
[1.837s] Level 1:colcon.colcon_core.package_identification:_identify(src/go2_gazebo) by extension 'colcon_meta'
[1.837s] Level 1:colcon.colcon_core.package_identification:_identify(src/go2_gazebo) by extensions ['ros']
[1.837s] Level 1:colcon.colcon_core.package_identification:_identify(src/go2_gazebo) by extension 'ros'
[1.838s] DEBUG:colcon.colcon_core.package_identification:Package 'src/go2_gazebo' with type 'ros.ament_cmake' and name 'go2_gazebo'
[1.839s] Level 1:colcon.colcon_core.package_identification:_identify(src/go2_navigation) by extensions ['ignore', 'ignore_ament_install']
[1.839s] Level 1:colcon.colcon_core.package_identification:_identify(src/go2_navigation) by extension 'ignore'
[1.839s] Level 1:colcon.colcon_core.package_identification:_identify(src/go2_navigation) by extension 'ignore_ament_install'
[1.839s] Level 1:colcon.colcon_core.package_identification:_identify(src/go2_navigation) by extensions ['colcon_pkg']
[1.839s] Level 1:colcon.colcon_core.package_identification:_identify(src/go2_navigation) by extension 'colcon_pkg'
[1.840s] Level 1:colcon.colcon_core.package_identification:_identify(src/go2_navigation) by extensions ['colcon_meta']
[1.840s] Level 1:colcon.colcon_core.package_identification:_identify(src/go2_navigation) by extension 'colcon_meta'
[1.840s] Level 1:colcon.colcon_core.package_identification:_identify(src/go2_navigation) by extensions ['ros']
[1.840s] Level 1:colcon.colcon_core.package_identification:_identify(src/go2_navigation) by extension 'ros'
[1.841s] DEBUG:colcon.colcon_core.package_identification:Package 'src/go2_navigation' with type 'ros.ament_cmake' and name 'go2_navigation'
[1.841s] Level 1:colcon.colcon_core.package_discovery:discover_packages(recursive) using defaults
[1.841s] Level 1:colcon.colcon_core.package_discovery:discover_packages(ignore) discover
[1.841s] Level 1:colcon.colcon_core.package_discovery:discover_packages(ignore) using defaults
[1.841s] Level 1:colcon.colcon_core.package_discovery:discover_packages(path) discover
[1.841s] Level 1:colcon.colcon_core.package_discovery:discover_packages(path) using defaults
[1.938s] Level 1:colcon.colcon_core.package_discovery:discover_packages(prefix_path) check parameters
[1.938s] Level 1:colcon.colcon_core.package_discovery:discover_packages(prefix_path) discover
[1.944s] WARNING:colcon.colcon_ros.prefix_path.ament:The path '/home/linda/blindenhund-dimos/go2_ws/install/go2_bringup' in the environment variable AMENT_PREFIX_PATH doesn't exist
[1.944s] WARNING:colcon.colcon_ros.prefix_path.ament:The path '/home/linda/blindenhund-dimos/go2_ws/install/go2_navigation' in the environment variable AMENT_PREFIX_PATH doesn't exist
[1.945s] WARNING:colcon.colcon_ros.prefix_path.ament:The path '/home/linda/blindenhund-dimos/go2_ws/install/go2_gazebo' in the environment variable AMENT_PREFIX_PATH doesn't exist
[1.945s] WARNING:colcon.colcon_ros.prefix_path.ament:The path '/home/linda/blindenhund-dimos/go2_ws/install/go2_description' in the environment variable AMENT_PREFIX_PATH doesn't exist
[1.966s] WARNING:colcon.colcon_ros.prefix_path.catkin:The path '/home/linda/blindenhund-dimos/go2_ws/install/go2_navigation' in the environment variable CMAKE_PREFIX_PATH doesn't exist
[1.967s] WARNING:colcon.colcon_ros.prefix_path.catkin:The path '/home/linda/blindenhund-dimos/go2_ws/install/go2_gazebo' in the environment variable CMAKE_PREFIX_PATH doesn't exist
[1.967s] WARNING:colcon.colcon_ros.prefix_path.catkin:The path '/home/linda/blindenhund-dimos/go2_ws/install/go2_description' in the environment variable CMAKE_PREFIX_PATH doesn't exist
[1.970s] DEBUG:colcon.colcon_installed_package_information.package_discovery:Found 0 installed packages in /home/linda/blindenhund-dimos/go2_ws/install
[1.972s] DEBUG:colcon.colcon_installed_package_information.package_discovery:Found 26 installed packages in /home/linda/ros2_ws/install
[1.979s] DEBUG:colcon.colcon_installed_package_information.package_discovery:Found 301 installed packages in /opt/ros/humble
[1.986s] Level 1:colcon.colcon_core.package_discovery:discover_packages(prefix_path) using defaults
[2.298s] Level 5:colcon.colcon_core.verb:set package 'go2_description' build argument 'cmake_args' from command line to 'None'
[2.298s] Level 5:colcon.colcon_core.verb:set package 'go2_description' build argument 'cmake_target' from command line to 'None'
[2.298s] Level 5:colcon.colcon_core.verb:set package 'go2_description' build argument 'cmake_target_skip_unavailable' from command line to 'False'
[2.298s] Level 5:colcon.colcon_core.verb:set package 'go2_description' build argument 'cmake_clean_cache' from command line to 'False'
[2.298s] Level 5:colcon.colcon_core.verb:set package 'go2_description' build argument 'cmake_clean_first' from command line to 'False'
[2.298s] Level 5:colcon.colcon_core.verb:set package 'go2_description' build argument 'cmake_force_configure' from command line to 'False'
[2.298s] Level 5:colcon.colcon_core.verb:set package 'go2_description' build argument 'ament_cmake_args' from command line to 'None'
[2.298s] Level 5:colcon.colcon_core.verb:set package 'go2_description' build argument 'catkin_cmake_args' from command line to 'None'
[2.298s] Level 5:colcon.colcon_core.verb:set package 'go2_description' build argument 'catkin_skip_building_tests' from command line to 'False'
[2.298s] DEBUG:colcon.colcon_core.verb:Building package 'go2_description' with the following arguments: {'ament_cmake_args': None, 'build_base': '/home/linda/blindenhund-dimos/go2_ws/build/go2_description', 'catkin_cmake_args': None, 'catkin_skip_building_tests': False, 'cmake_args': None, 'cmake_clean_cache': False, 'cmake_clean_first': False, 'cmake_force_configure': False, 'cmake_target': None, 'cmake_target_skip_unavailable': False, 'install_base': '/home/linda/blindenhund-dimos/go2_ws/install/go2_description', 'merge_install': False, 'path': '/home/linda/blindenhund-dimos/go2_ws/src/go2_description', 'symlink_install': True, 'test_result_base': None}
[2.299s] Level 5:colcon.colcon_core.verb:set package 'go2_gazebo' build argument 'cmake_args' from command line to 'None'
[2.300s] Level 5:colcon.colcon_core.verb:set package 'go2_gazebo' build argument 'cmake_target' from command line to 'None'
[2.300s] Level 5:colcon.colcon_core.verb:set package 'go2_gazebo' build argument 'cmake_target_skip_unavailable' from command line to 'False'
[2.300s] Level 5:colcon.colcon_core.verb:set package 'go2_gazebo' build argument 'cmake_clean_cache' from command line to 'False'
[2.300s] Level 5:colcon.colcon_core.verb:set package 'go2_gazebo' build argument 'cmake_clean_first' from command line to 'False'
[2.300s] Level 5:colcon.colcon_core.verb:set package 'go2_gazebo' build argument 'cmake_force_configure' from command line to 'False'
[2.300s] Level 5:colcon.colcon_core.verb:set package 'go2_gazebo' build argument 'ament_cmake_args' from command line to 'None'
[2.300s] Level 5:colcon.colcon_core.verb:set package 'go2_gazebo' build argument 'catkin_cmake_args' from command line to 'None'
[2.300s] Level 5:colcon.colcon_core.verb:set package 'go2_gazebo' build argument 'catkin_skip_building_tests' from command line to 'False'
[2.300s] DEBUG:colcon.colcon_core.verb:Building package 'go2_gazebo' with the following arguments: {'ament_cmake_args': None, 'build_base': '/home/linda/blindenhund-dimos/go2_ws/build/go2_gazebo', 'catkin_cmake_args': None, 'catkin_skip_building_tests': False, 'cmake_args': None, 'cmake_clean_cache': False, 'cmake_clean_first': False, 'cmake_force_configure': False, 'cmake_target': None, 'cmake_target_skip_unavailable': False, 'install_base': '/home/linda/blindenhund-dimos/go2_ws/install/go2_gazebo', 'merge_install': False, 'path': '/home/linda/blindenhund-dimos/go2_ws/src/go2_gazebo', 'symlink_install': True, 'test_result_base': None}
[2.301s] Level 5:colcon.colcon_core.verb:set package 'go2_navigation' build argument 'cmake_args' from command line to 'None'
[2.301s] Level 5:colcon.colcon_core.verb:set package 'go2_navigation' build argument 'cmake_target' from command line to 'None'
[2.301s] Level 5:colcon.colcon_core.verb:set package 'go2_navigation' build argument 'cmake_target_skip_unavailable' from command line to 'False'
[2.301s] Level 5:colcon.colcon_core.verb:set package 'go2_navigation' build argument 'cmake_clean_cache' from command line to 'False'
[2.301s] Level 5:colcon.colcon_core.verb:set package 'go2_navigation' build argument 'cmake_clean_first' from command line to 'False'
[2.301s] Level 5:colcon.colcon_core.verb:set package 'go2_navigation' build argument 'cmake_force_configure' from command line to 'False'
[2.302s] Level 5:colcon.colcon_core.verb:set package 'go2_navigation' build argument 'ament_cmake_args' from command line to 'None'
[2.302s] Level 5:colcon.colcon_core.verb:set package 'go2_navigation' build argument 'catkin_cmake_args' from command line to 'None'
[2.302s] Level 5:colcon.colcon_core.verb:set package 'go2_navigation' build argument 'catkin_skip_building_tests' from command line to 'False'
[2.302s] DEBUG:colcon.colcon_core.verb:Building package 'go2_navigation' with the following arguments: {'ament_cmake_args': None, 'build_base': '/home/linda/blindenhund-dimos/go2_ws/build/go2_navigation', 'catkin_cmake_args': None, 'catkin_skip_building_tests': False, 'cmake_args': None, 'cmake_clean_cache': False, 'cmake_clean_first': False, 'cmake_force_configure': False, 'cmake_target': None, 'cmake_target_skip_unavailable': False, 'install_base': '/home/linda/blindenhund-dimos/go2_ws/install/go2_navigation', 'merge_install': False, 'path': '/home/linda/blindenhund-dimos/go2_ws/src/go2_navigation', 'symlink_install': True, 'test_result_base': None}
[2.302s] Level 5:colcon.colcon_core.verb:set package 'go2_bringup' build argument 'cmake_args' from command line to 'None'
[2.302s] Level 5:colcon.colcon_core.verb:set package 'go2_bringup' build argument 'cmake_target' from command line to 'None'
[2.303s] Level 5:colcon.colcon_core.verb:set package 'go2_bringup' build argument 'cmake_target_skip_unavailable' from command line to 'False'
[2.303s] Level 5:colcon.colcon_core.verb:set package 'go2_bringup' build argument 'cmake_clean_cache' from command line to 'False'
[2.303s] Level 5:colcon.colcon_core.verb:set package 'go2_bringup' build argument 'cmake_clean_first' from command line to 'False'
[2.303s] Level 5:colcon.colcon_core.verb:set package 'go2_bringup' build argument 'cmake_force_configure' from command line to 'False'
[2.303s] Level 5:colcon.colcon_core.verb:set package 'go2_bringup' build argument 'ament_cmake_args' from command line to 'None'
[2.303s] Level 5:colcon.colcon_core.verb:set package 'go2_bringup' build argument 'catkin_cmake_args' from command line to 'None'
[2.303s] Level 5:colcon.colcon_core.verb:set package 'go2_bringup' build argument 'catkin_skip_building_tests' from command line to 'False'
[2.303s] DEBUG:colcon.colcon_core.verb:Building package 'go2_bringup' with the following arguments: {'ament_cmake_args': None, 'build_base': '/home/linda/blindenhund-dimos/go2_ws/build/go2_bringup', 'catkin_cmake_args': None, 'catkin_skip_building_tests': False, 'cmake_args': None, 'cmake_clean_cache': False, 'cmake_clean_first': False, 'cmake_force_configure': False, 'cmake_target': None, 'cmake_target_skip_unavailable': False, 'install_base': '/home/linda/blindenhund-dimos/go2_ws/install/go2_bringup', 'merge_install': False, 'path': '/home/linda/blindenhund-dimos/go2_ws/src/go2_bringup', 'symlink_install': True, 'test_result_base': None}
[2.304s] INFO:colcon.colcon_core.executor:Executing jobs using 'parallel' executor
[2.306s] DEBUG:colcon.colcon_parallel_executor.executor.parallel:run_until_complete
[2.307s] INFO:colcon.colcon_ros.task.ament_cmake.build:Building ROS package in '/home/linda/blindenhund-dimos/go2_ws/src/go2_gazebo' with build type 'ament_cmake'
[2.307s] INFO:colcon.colcon_cmake.task.cmake.build:Building CMake package in '/home/linda/blindenhund-dimos/go2_ws/src/go2_gazebo'
[2.319s] INFO:colcon.colcon_core.plugin_system:Skipping extension 'colcon_core.shell.bat': Not used on non-Windows systems
[2.320s] INFO:colcon.colcon_core.shell:Skip shell extension 'powershell' for command environment: Not usable outside of PowerShell
[2.320s] DEBUG:colcon.colcon_core.shell:Skip shell extension 'dsv' for command environment
[2.334s] INFO:colcon.colcon_ros.task.ament_cmake.build:Building ROS package in '/home/linda/blindenhund-dimos/go2_ws/src/go2_navigation' with build type 'ament_cmake'
[2.336s] INFO:colcon.colcon_cmake.task.cmake.build:Building CMake package in '/home/linda/blindenhund-dimos/go2_ws/src/go2_navigation'
[2.336s] INFO:colcon.colcon_core.shell:Skip shell extension 'powershell' for command environment: Not usable outside of PowerShell
[2.336s] DEBUG:colcon.colcon_core.shell:Skip shell extension 'dsv' for command environment
[2.349s] INFO:colcon.colcon_ros.task.ament_cmake.build:Building ROS package in '/home/linda/blindenhund-dimos/go2_ws/src/go2_description' with build type 'ament_cmake'
[2.349s] INFO:colcon.colcon_cmake.task.cmake.build:Building CMake package in '/home/linda/blindenhund-dimos/go2_ws/src/go2_description'
[2.350s] INFO:colcon.colcon_core.shell:Skip shell extension 'powershell' for command environment: Not usable outside of PowerShell
[2.351s] DEBUG:colcon.colcon_core.shell:Skip shell extension 'dsv' for command environment
[2.373s] DEBUG:colcon.colcon_core.event_handler.log_command:Invoking command in '/home/linda/blindenhund-dimos/go2_ws/build/go2_gazebo': CMAKE_PREFIX_PATH=${CMAKE_PREFIX_PATH}:/home/linda/blindenhund-dimos/go2_ws/install/go2_bringup:/home/linda/ros2_ws/install/py_srvcli:/home/linda/ros2_ws/install/py_pubsub:/home/linda/ros2_ws/install/my_package:/home/linda/ros2_ws/install/launch_testing_examples:/home/linda/ros2_ws/install/examples_rclpy_pointcloud_publisher:/home/linda/ros2_ws/install/examples_rclpy_minimal_subscriber:/home/linda/ros2_ws/install/examples_rclpy_minimal_service:/home/linda/ros2_ws/install/examples_rclpy_minimal_publisher:/home/linda/ros2_ws/install/examples_rclpy_minimal_client:/home/linda/ros2_ws/install/examples_rclpy_minimal_action_server:/home/linda/ros2_ws/install/examples_rclpy_minimal_action_client:/home/linda/ros2_ws/install/examples_rclpy_guard_conditions:/home/linda/ros2_ws/install/examples_rclpy_executors:/home/linda/ros2_ws/install/examples_rclcpp_minimal_timer:/home/linda/ros2_ws/install/examples_rclcpp_minimal_publisher:/home/linda/ros2_ws/install/examples_rclcpp_async_client:/opt/ros/humble /usr/bin/cmake /home/linda/blindenhund-dimos/go2_ws/src/go2_gazebo -DAMENT_CMAKE_SYMLINK_INSTALL=1 -DCMAKE_INSTALL_PREFIX=/home/linda/blindenhund-dimos/go2_ws/install/go2_gazebo
[2.392s] DEBUG:colcon.colcon_core.event_handler.log_command:Invoking command in '/home/linda/blindenhund-dimos/go2_ws/build/go2_navigation': CMAKE_PREFIX_PATH=${CMAKE_PREFIX_PATH}:/home/linda/blindenhund-dimos/go2_ws/install/go2_bringup:/home/linda/ros2_ws/install/py_srvcli:/home/linda/ros2_ws/install/py_pubsub:/home/linda/ros2_ws/install/my_package:/home/linda/ros2_ws/install/launch_testing_examples:/home/linda/ros2_ws/install/examples_rclpy_pointcloud_publisher:/home/linda/ros2_ws/install/examples_rclpy_minimal_subscriber:/home/linda/ros2_ws/install/examples_rclpy_minimal_service:/home/linda/ros2_ws/install/examples_rclpy_minimal_publisher:/home/linda/ros2_ws/install/examples_rclpy_minimal_client:/home/linda/ros2_ws/install/examples_rclpy_minimal_action_server:/home/linda/ros2_ws/install/examples_rclpy_minimal_action_client:/home/linda/ros2_ws/install/examples_rclpy_guard_conditions:/home/linda/ros2_ws/install/examples_rclpy_executors:/home/linda/ros2_ws/install/examples_rclcpp_minimal_timer:/home/linda/ros2_ws/install/examples_rclcpp_minimal_publisher:/home/linda/ros2_ws/install/examples_rclcpp_async_client:/opt/ros/humble /usr/bin/cmake /home/linda/blindenhund-dimos/go2_ws/src/go2_navigation -DAMENT_CMAKE_SYMLINK_INSTALL=1 -DCMAKE_INSTALL_PREFIX=/home/linda/blindenhund-dimos/go2_ws/install/go2_navigation
[2.406s] DEBUG:colcon.colcon_core.event_handler.log_command:Invoking command in '/home/linda/blindenhund-dimos/go2_ws/build/go2_description': CMAKE_PREFIX_PATH=${CMAKE_PREFIX_PATH}:/home/linda/blindenhund-dimos/go2_ws/install/go2_bringup:/home/linda/ros2_ws/install/py_srvcli:/home/linda/ros2_ws/install/py_pubsub:/home/linda/ros2_ws/install/my_package:/home/linda/ros2_ws/install/launch_testing_examples:/home/linda/ros2_ws/install/examples_rclpy_pointcloud_publisher:/home/linda/ros2_ws/install/examples_rclpy_minimal_subscriber:/home/linda/ros2_ws/install/examples_rclpy_minimal_service:/home/linda/ros2_ws/install/examples_rclpy_minimal_publisher:/home/linda/ros2_ws/install/examples_rclpy_minimal_client:/home/linda/ros2_ws/install/examples_rclpy_minimal_action_server:/home/linda/ros2_ws/install/examples_rclpy_minimal_action_client:/home/linda/ros2_ws/install/examples_rclpy_guard_conditions:/home/linda/ros2_ws/install/examples_rclpy_executors:/home/linda/ros2_ws/install/examples_rclcpp_minimal_timer:/home/linda/ros2_ws/install/examples_rclcpp_minimal_publisher:/home/linda/ros2_ws/install/examples_rclcpp_async_client:/opt/ros/humble /usr/bin/cmake /home/linda/blindenhund-dimos/go2_ws/src/go2_description -DAMENT_CMAKE_SYMLINK_INSTALL=1 -DCMAKE_INSTALL_PREFIX=/home/linda/blindenhund-dimos/go2_ws/install/go2_description
[5.490s] DEBUG:colcon.colcon_core.event_handler.log_command:Invoked command in '/home/linda/blindenhund-dimos/go2_ws/build/go2_navigation' returned '0': CMAKE_PREFIX_PATH=${CMAKE_PREFIX_PATH}:/home/linda/blindenhund-dimos/go2_ws/install/go2_bringup:/home/linda/ros2_ws/install/py_srvcli:/home/linda/ros2_ws/install/py_pubsub:/home/linda/ros2_ws/install/my_package:/home/linda/ros2_ws/install/launch_testing_examples:/home/linda/ros2_ws/install/examples_rclpy_pointcloud_publisher:/home/linda/ros2_ws/install/examples_rclpy_minimal_subscriber:/home/linda/ros2_ws/install/examples_rclpy_minimal_service:/home/linda/ros2_ws/install/examples_rclpy_minimal_publisher:/home/linda/ros2_ws/install/examples_rclpy_minimal_client:/home/linda/ros2_ws/install/examples_rclpy_minimal_action_server:/home/linda/ros2_ws/install/examples_rclpy_minimal_action_client:/home/linda/ros2_ws/install/examples_rclpy_guard_conditions:/home/linda/ros2_ws/install/examples_rclpy_executors:/home/linda/ros2_ws/install/examples_rclcpp_minimal_timer:/home/linda/ros2_ws/install/examples_rclcpp_minimal_publisher:/home/linda/ros2_ws/install/examples_rclcpp_async_client:/opt/ros/humble /usr/bin/cmake /home/linda/blindenhund-dimos/go2_ws/src/go2_navigation -DAMENT_CMAKE_SYMLINK_INSTALL=1 -DCMAKE_INSTALL_PREFIX=/home/linda/blindenhund-dimos/go2_ws/install/go2_navigation
[5.496s] DEBUG:colcon.colcon_core.event_handler.log_command:Invoking command in '/home/linda/blindenhund-dimos/go2_ws/build/go2_navigation': CMAKE_PREFIX_PATH=${CMAKE_PREFIX_PATH}:/home/linda/blindenhund-dimos/go2_ws/install/go2_bringup:/home/linda/ros2_ws/install/py_srvcli:/home/linda/ros2_ws/install/py_pubsub:/home/linda/ros2_ws/install/my_package:/home/linda/ros2_ws/install/launch_testing_examples:/home/linda/ros2_ws/install/examples_rclpy_pointcloud_publisher:/home/linda/ros2_ws/install/examples_rclpy_minimal_subscriber:/home/linda/ros2_ws/install/examples_rclpy_minimal_service:/home/linda/ros2_ws/install/examples_rclpy_minimal_publisher:/home/linda/ros2_ws/install/examples_rclpy_minimal_client:/home/linda/ros2_ws/install/examples_rclpy_minimal_action_server:/home/linda/ros2_ws/install/examples_rclpy_minimal_action_client:/home/linda/ros2_ws/install/examples_rclpy_guard_conditions:/home/linda/ros2_ws/install/examples_rclpy_executors:/home/linda/ros2_ws/install/examples_rclcpp_minimal_timer:/home/linda/ros2_ws/install/examples_rclcpp_minimal_publisher:/home/linda/ros2_ws/install/examples_rclcpp_async_client:/opt/ros/humble /usr/bin/cmake --build /home/linda/blindenhund-dimos/go2_ws/build/go2_navigation -- -j12 -l12
[5.503s] DEBUG:colcon.colcon_core.event_handler.log_command:Invoked command in '/home/linda/blindenhund-dimos/go2_ws/build/go2_gazebo' returned '0': CMAKE_PREFIX_PATH=${CMAKE_PREFIX_PATH}:/home/linda/blindenhund-dimos/go2_ws/install/go2_bringup:/home/linda/ros2_ws/install/py_srvcli:/home/linda/ros2_ws/install/py_pubsub:/home/linda/ros2_ws/install/my_package:/home/linda/ros2_ws/install/launch_testing_examples:/home/linda/ros2_ws/install/examples_rclpy_pointcloud_publisher:/home/linda/ros2_ws/install/examples_rclpy_minimal_subscriber:/home/linda/ros2_ws/install/examples_rclpy_minimal_service:/home/linda/ros2_ws/install/examples_rclpy_minimal_publisher:/home/linda/ros2_ws/install/examples_rclpy_minimal_client:/home/linda/ros2_ws/install/examples_rclpy_minimal_action_server:/home/linda/ros2_ws/install/examples_rclpy_minimal_action_client:/home/linda/ros2_ws/install/examples_rclpy_guard_conditions:/home/linda/ros2_ws/install/examples_rclpy_executors:/home/linda/ros2_ws/install/examples_rclcpp_minimal_timer:/home/linda/ros2_ws/install/examples_rclcpp_minimal_publisher:/home/linda/ros2_ws/install/examples_rclcpp_async_client:/opt/ros/humble /usr/bin/cmake /home/linda/blindenhund-dimos/go2_ws/src/go2_gazebo -DAMENT_CMAKE_SYMLINK_INSTALL=1 -DCMAKE_INSTALL_PREFIX=/home/linda/blindenhund-dimos/go2_ws/install/go2_gazebo
[5.506s] DEBUG:colcon.colcon_core.event_handler.log_command:Invoking command in '/home/linda/blindenhund-dimos/go2_ws/build/go2_gazebo': CMAKE_PREFIX_PATH=${CMAKE_PREFIX_PATH}:/home/linda/blindenhund-dimos/go2_ws/install/go2_bringup:/home/linda/ros2_ws/install/py_srvcli:/home/linda/ros2_ws/install/py_pubsub:/home/linda/ros2_ws/install/my_package:/home/linda/ros2_ws/install/launch_testing_examples:/home/linda/ros2_ws/install/examples_rclpy_pointcloud_publisher:/home/linda/ros2_ws/install/examples_rclpy_minimal_subscriber:/home/linda/ros2_ws/install/examples_rclpy_minimal_service:/home/linda/ros2_ws/install/examples_rclpy_minimal_publisher:/home/linda/ros2_ws/install/examples_rclpy_minimal_client:/home/linda/ros2_ws/install/examples_rclpy_minimal_action_server:/home/linda/ros2_ws/install/examples_rclpy_minimal_action_client:/home/linda/ros2_ws/install/examples_rclpy_guard_conditions:/home/linda/ros2_ws/install/examples_rclpy_executors:/home/linda/ros2_ws/install/examples_rclcpp_minimal_timer:/home/linda/ros2_ws/install/examples_rclcpp_minimal_publisher:/home/linda/ros2_ws/install/examples_rclcpp_async_client:/opt/ros/humble /usr/bin/cmake --build /home/linda/blindenhund-dimos/go2_ws/build/go2_gazebo -- -j12 -l12
[5.521s] DEBUG:colcon.colcon_core.event_handler.log_command:Invoked command in '/home/linda/blindenhund-dimos/go2_ws/build/go2_description' returned '0': CMAKE_PREFIX_PATH=${CMAKE_PREFIX_PATH}:/home/linda/blindenhund-dimos/go2_ws/install/go2_bringup:/home/linda/ros2_ws/install/py_srvcli:/home/linda/ros2_ws/install/py_pubsub:/home/linda/ros2_ws/install/my_package:/home/linda/ros2_ws/install/launch_testing_examples:/home/linda/ros2_ws/install/examples_rclpy_pointcloud_publisher:/home/linda/ros2_ws/install/examples_rclpy_minimal_subscriber:/home/linda/ros2_ws/install/examples_rclpy_minimal_service:/home/linda/ros2_ws/install/examples_rclpy_minimal_publisher:/home/linda/ros2_ws/install/examples_rclpy_minimal_client:/home/linda/ros2_ws/install/examples_rclpy_minimal_action_server:/home/linda/ros2_ws/install/examples_rclpy_minimal_action_client:/home/linda/ros2_ws/install/examples_rclpy_guard_conditions:/home/linda/ros2_ws/install/examples_rclpy_executors:/home/linda/ros2_ws/install/examples_rclcpp_minimal_timer:/home/linda/ros2_ws/install/examples_rclcpp_minimal_publisher:/home/linda/ros2_ws/install/examples_rclcpp_async_client:/opt/ros/humble /usr/bin/cmake /home/linda/blindenhund-dimos/go2_ws/src/go2_description -DAMENT_CMAKE_SYMLINK_INSTALL=1 -DCMAKE_INSTALL_PREFIX=/home/linda/blindenhund-dimos/go2_ws/install/go2_description
[5.527s] DEBUG:colcon.colcon_core.event_handler.log_command:Invoking command in '/home/linda/blindenhund-dimos/go2_ws/build/go2_description': CMAKE_PREFIX_PATH=${CMAKE_PREFIX_PATH}:/home/linda/blindenhund-dimos/go2_ws/install/go2_bringup:/home/linda/ros2_ws/install/py_srvcli:/home/linda/ros2_ws/install/py_pubsub:/home/linda/ros2_ws/install/my_package:/home/linda/ros2_ws/install/launch_testing_examples:/home/linda/ros2_ws/install/examples_rclpy_pointcloud_publisher:/home/linda/ros2_ws/install/examples_rclpy_minimal_subscriber:/home/linda/ros2_ws/install/examples_rclpy_minimal_service:/home/linda/ros2_ws/install/examples_rclpy_minimal_publisher:/home/linda/ros2_ws/install/examples_rclpy_minimal_client:/home/linda/ros2_ws/install/examples_rclpy_minimal_action_server:/home/linda/ros2_ws/install/examples_rclpy_minimal_action_client:/home/linda/ros2_ws/install/examples_rclpy_guard_conditions:/home/linda/ros2_ws/install/examples_rclpy_executors:/home/linda/ros2_ws/install/examples_rclcpp_minimal_timer:/home/linda/ros2_ws/install/examples_rclcpp_minimal_publisher:/home/linda/ros2_ws/install/examples_rclcpp_async_client:/opt/ros/humble /usr/bin/cmake --build /home/linda/blindenhund-dimos/go2_ws/build/go2_description -- -j12 -l12
[5.570s] DEBUG:colcon.colcon_core.event_handler.log_command:Invoked command in '/home/linda/blindenhund-dimos/go2_ws/build/go2_navigation' returned '0': CMAKE_PREFIX_PATH=${CMAKE_PREFIX_PATH}:/home/linda/blindenhund-dimos/go2_ws/install/go2_bringup:/home/linda/ros2_ws/install/py_srvcli:/home/linda/ros2_ws/install/py_pubsub:/home/linda/ros2_ws/install/my_package:/home/linda/ros2_ws/install/launch_testing_examples:/home/linda/ros2_ws/install/examples_rclpy_pointcloud_publisher:/home/linda/ros2_ws/install/examples_rclpy_minimal_subscriber:/home/linda/ros2_ws/install/examples_rclpy_minimal_service:/home/linda/ros2_ws/install/examples_rclpy_minimal_publisher:/home/linda/ros2_ws/install/examples_rclpy_minimal_client:/home/linda/ros2_ws/install/examples_rclpy_minimal_action_server:/home/linda/ros2_ws/install/examples_rclpy_minimal_action_client:/home/linda/ros2_ws/install/examples_rclpy_guard_conditions:/home/linda/ros2_ws/install/examples_rclpy_executors:/home/linda/ros2_ws/install/examples_rclcpp_minimal_timer:/home/linda/ros2_ws/install/examples_rclcpp_minimal_publisher:/home/linda/ros2_ws/install/examples_rclcpp_async_client:/opt/ros/humble /usr/bin/cmake --build /home/linda/blindenhund-dimos/go2_ws/build/go2_navigation -- -j12 -l12
[5.591s] DEBUG:colcon.colcon_core.event_handler.log_command:Invoking command in '/home/linda/blindenhund-dimos/go2_ws/build/go2_navigation': CMAKE_PREFIX_PATH=${CMAKE_PREFIX_PATH}:/home/linda/blindenhund-dimos/go2_ws/install/go2_bringup:/home/linda/ros2_ws/install/py_srvcli:/home/linda/ros2_ws/install/py_pubsub:/home/linda/ros2_ws/install/my_package:/home/linda/ros2_ws/install/launch_testing_examples:/home/linda/ros2_ws/install/examples_rclpy_pointcloud_publisher:/home/linda/ros2_ws/install/examples_rclpy_minimal_subscriber:/home/linda/ros2_ws/install/examples_rclpy_minimal_service:/home/linda/ros2_ws/install/examples_rclpy_minimal_publisher:/home/linda/ros2_ws/install/examples_rclpy_minimal_client:/home/linda/ros2_ws/install/examples_rclpy_minimal_action_server:/home/linda/ros2_ws/install/examples_rclpy_minimal_action_client:/home/linda/ros2_ws/install/examples_rclpy_guard_conditions:/home/linda/ros2_ws/install/examples_rclpy_executors:/home/linda/ros2_ws/install/examples_rclcpp_minimal_timer:/home/linda/ros2_ws/install/examples_rclcpp_minimal_publisher:/home/linda/ros2_ws/install/examples_rclcpp_async_client:/opt/ros/humble /usr/bin/cmake --install /home/linda/blindenhund-dimos/go2_ws/build/go2_navigation
[5.594s] DEBUG:colcon.colcon_core.event_handler.log_command:Invoked command in '/home/linda/blindenhund-dimos/go2_ws/build/go2_gazebo' returned '0': CMAKE_PREFIX_PATH=${CMAKE_PREFIX_PATH}:/home/linda/blindenhund-dimos/go2_ws/install/go2_bringup:/home/linda/ros2_ws/install/py_srvcli:/home/linda/ros2_ws/install/py_pubsub:/home/linda/ros2_ws/install/my_package:/home/linda/ros2_ws/install/launch_testing_examples:/home/linda/ros2_ws/install/examples_rclpy_pointcloud_publisher:/home/linda/ros2_ws/install/examples_rclpy_minimal_subscriber:/home/linda/ros2_ws/install/examples_rclpy_minimal_service:/home/linda/ros2_ws/install/examples_rclpy_minimal_publisher:/home/linda/ros2_ws/install/examples_rclpy_minimal_client:/home/linda/ros2_ws/install/examples_rclpy_minimal_action_server:/home/linda/ros2_ws/install/examples_rclpy_minimal_action_client:/home/linda/ros2_ws/install/examples_rclpy_guard_conditions:/home/linda/ros2_ws/install/examples_rclpy_executors:/home/linda/ros2_ws/install/examples_rclcpp_minimal_timer:/home/linda/ros2_ws/install/examples_rclcpp_minimal_publisher:/home/linda/ros2_ws/install/examples_rclcpp_async_client:/opt/ros/humble /usr/bin/cmake --build /home/linda/blindenhund-dimos/go2_ws/build/go2_gazebo -- -j12 -l12
[5.600s] DEBUG:colcon.colcon_core.event_handler.log_command:Invoking command in '/home/linda/blindenhund-dimos/go2_ws/build/go2_gazebo': CMAKE_PREFIX_PATH=${CMAKE_PREFIX_PATH}:/home/linda/blindenhund-dimos/go2_ws/install/go2_bringup:/home/linda/ros2_ws/install/py_srvcli:/home/linda/ros2_ws/install/py_pubsub:/home/linda/ros2_ws/install/my_package:/home/linda/ros2_ws/install/launch_testing_examples:/home/linda/ros2_ws/install/examples_rclpy_pointcloud_publisher:/home/linda/ros2_ws/install/examples_rclpy_minimal_subscriber:/home/linda/ros2_ws/install/examples_rclpy_minimal_service:/home/linda/ros2_ws/install/examples_rclpy_minimal_publisher:/home/linda/ros2_ws/install/examples_rclpy_minimal_client:/home/linda/ros2_ws/install/examples_rclpy_minimal_action_server:/home/linda/ros2_ws/install/examples_rclpy_minimal_action_client:/home/linda/ros2_ws/install/examples_rclpy_guard_conditions:/home/linda/ros2_ws/install/examples_rclpy_executors:/home/linda/ros2_ws/install/examples_rclcpp_minimal_timer:/home/linda/ros2_ws/install/examples_rclcpp_minimal_publisher:/home/linda/ros2_ws/install/examples_rclcpp_async_client:/opt/ros/humble /usr/bin/cmake --install /home/linda/blindenhund-dimos/go2_ws/build/go2_gazebo
[5.603s] DEBUG:colcon.colcon_core.event_handler.log_command:Invoked command in '/home/linda/blindenhund-dimos/go2_ws/build/go2_description' returned '0': CMAKE_PREFIX_PATH=${CMAKE_PREFIX_PATH}:/home/linda/blindenhund-dimos/go2_ws/install/go2_bringup:/home/linda/ros2_ws/install/py_srvcli:/home/linda/ros2_ws/install/py_pubsub:/home/linda/ros2_ws/install/my_package:/home/linda/ros2_ws/install/launch_testing_examples:/home/linda/ros2_ws/install/examples_rclpy_pointcloud_publisher:/home/linda/ros2_ws/install/examples_rclpy_minimal_subscriber:/home/linda/ros2_ws/install/examples_rclpy_minimal_service:/home/linda/ros2_ws/install/examples_rclpy_minimal_publisher:/home/linda/ros2_ws/install/examples_rclpy_minimal_client:/home/linda/ros2_ws/install/examples_rclpy_minimal_action_server:/home/linda/ros2_ws/install/examples_rclpy_minimal_action_client:/home/linda/ros2_ws/install/examples_rclpy_guard_conditions:/home/linda/ros2_ws/install/examples_rclpy_executors:/home/linda/ros2_ws/install/examples_rclcpp_minimal_timer:/home/linda/ros2_ws/install/examples_rclcpp_minimal_publisher:/home/linda/ros2_ws/install/examples_rclcpp_async_client:/opt/ros/humble /usr/bin/cmake --build /home/linda/blindenhund-dimos/go2_ws/build/go2_description -- -j12 -l12
[5.609s] DEBUG:colcon.colcon_core.event_handler.log_command:Invoking command in '/home/linda/blindenhund-dimos/go2_ws/build/go2_description': CMAKE_PREFIX_PATH=${CMAKE_PREFIX_PATH}:/home/linda/blindenhund-dimos/go2_ws/install/go2_bringup:/home/linda/ros2_ws/install/py_srvcli:/home/linda/ros2_ws/install/py_pubsub:/home/linda/ros2_ws/install/my_package:/home/linda/ros2_ws/install/launch_testing_examples:/home/linda/ros2_ws/install/examples_rclpy_pointcloud_publisher:/home/linda/ros2_ws/install/examples_rclpy_minimal_subscriber:/home/linda/ros2_ws/install/examples_rclpy_minimal_service:/home/linda/ros2_ws/install/examples_rclpy_minimal_publisher:/home/linda/ros2_ws/install/examples_rclpy_minimal_client:/home/linda/ros2_ws/install/examples_rclpy_minimal_action_server:/home/linda/ros2_ws/install/examples_rclpy_minimal_action_client:/home/linda/ros2_ws/install/examples_rclpy_guard_conditions:/home/linda/ros2_ws/install/examples_rclpy_executors:/home/linda/ros2_ws/install/examples_rclcpp_minimal_timer:/home/linda/ros2_ws/install/examples_rclcpp_minimal_publisher:/home/linda/ros2_ws/install/examples_rclcpp_async_client:/opt/ros/humble /usr/bin/cmake --install /home/linda/blindenhund-dimos/go2_ws/build/go2_description
[5.983s] Level 1:colcon.colcon_core.environment:create_environment_scripts_only(go2_gazebo)
[5.985s] DEBUG:colcon.colcon_core.event_handler.log_command:Invoked command in '/home/linda/blindenhund-dimos/go2_ws/build/go2_gazebo' returned '0': CMAKE_PREFIX_PATH=${CMAKE_PREFIX_PATH}:/home/linda/blindenhund-dimos/go2_ws/install/go2_bringup:/home/linda/ros2_ws/install/py_srvcli:/home/linda/ros2_ws/install/py_pubsub:/home/linda/ros2_ws/install/my_package:/home/linda/ros2_ws/install/launch_testing_examples:/home/linda/ros2_ws/install/examples_rclpy_pointcloud_publisher:/home/linda/ros2_ws/install/examples_rclpy_minimal_subscriber:/home/linda/ros2_ws/install/examples_rclpy_minimal_service:/home/linda/ros2_ws/install/examples_rclpy_minimal_publisher:/home/linda/ros2_ws/install/examples_rclpy_minimal_client:/home/linda/ros2_ws/install/examples_rclpy_minimal_action_server:/home/linda/ros2_ws/install/examples_rclpy_minimal_action_client:/home/linda/ros2_ws/install/examples_rclpy_guard_conditions:/home/linda/ros2_ws/install/examples_rclpy_executors:/home/linda/ros2_ws/install/examples_rclcpp_minimal_timer:/home/linda/ros2_ws/install/examples_rclcpp_minimal_publisher:/home/linda/ros2_ws/install/examples_rclcpp_async_client:/opt/ros/humble /usr/bin/cmake --install /home/linda/blindenhund-dimos/go2_ws/build/go2_gazebo
[6.006s] Level 1:colcon.colcon_core.environment:checking '/home/linda/blindenhund-dimos/go2_ws/install/go2_gazebo' for CMake module files
[6.007s] Level 1:colcon.colcon_core.environment:checking '/home/linda/blindenhund-dimos/go2_ws/install/go2_gazebo' for CMake config files
[6.009s] Level 1:colcon.colcon_core.shell:create_environment_hook('go2_gazebo', 'cmake_prefix_path')
[6.010s] INFO:colcon.colcon_core.shell:Creating environment hook '/home/linda/blindenhund-dimos/go2_ws/install/go2_gazebo/share/go2_gazebo/hook/cmake_prefix_path.ps1'
[6.012s] INFO:colcon.colcon_core.shell:Creating environment descriptor '/home/linda/blindenhund-dimos/go2_ws/install/go2_gazebo/share/go2_gazebo/hook/cmake_prefix_path.dsv'
[6.014s] INFO:colcon.colcon_core.shell:Creating environment hook '/home/linda/blindenhund-dimos/go2_ws/install/go2_gazebo/share/go2_gazebo/hook/cmake_prefix_path.sh'
[6.017s] Level 1:colcon.colcon_core.environment:checking '/home/linda/blindenhund-dimos/go2_ws/install/go2_gazebo/bin'
[6.017s] Level 1:colcon.colcon_core.environment:checking '/home/linda/blindenhund-dimos/go2_ws/install/go2_gazebo/lib/pkgconfig/go2_gazebo.pc'
[6.018s] Level 1:colcon.colcon_core.environment:checking '/home/linda/blindenhund-dimos/go2_ws/install/go2_gazebo/lib/python3.10/site-packages'
[6.018s] Level 1:colcon.colcon_core.environment:checking '/home/linda/blindenhund-dimos/go2_ws/install/go2_gazebo/bin'
[6.019s] INFO:colcon.colcon_core.shell:Creating package script '/home/linda/blindenhund-dimos/go2_ws/install/go2_gazebo/share/go2_gazebo/package.ps1'
[6.021s] INFO:colcon.colcon_core.shell:Creating package descriptor '/home/linda/blindenhund-dimos/go2_ws/install/go2_gazebo/share/go2_gazebo/package.dsv'
[6.023s] INFO:colcon.colcon_core.shell:Creating package script '/home/linda/blindenhund-dimos/go2_ws/install/go2_gazebo/share/go2_gazebo/package.sh'
[6.026s] INFO:colcon.colcon_core.shell:Creating package script '/home/linda/blindenhund-dimos/go2_ws/install/go2_gazebo/share/go2_gazebo/package.bash'
[6.029s] INFO:colcon.colcon_core.shell:Creating package script '/home/linda/blindenhund-dimos/go2_ws/install/go2_gazebo/share/go2_gazebo/package.zsh'
[6.032s] Level 1:colcon.colcon_core.environment:create_file_with_runtime_dependencies(/home/linda/blindenhund-dimos/go2_ws/install/go2_gazebo/share/colcon-core/packages/go2_gazebo)
[6.034s] Level 1:colcon.colcon_core.environment:create_environment_scripts_only(go2_gazebo)
[6.035s] Level 1:colcon.colcon_core.environment:checking '/home/linda/blindenhund-dimos/go2_ws/install/go2_gazebo' for CMake module files
[6.036s] Level 1:colcon.colcon_core.environment:checking '/home/linda/blindenhund-dimos/go2_ws/install/go2_gazebo' for CMake config files
[6.037s] Level 1:colcon.colcon_core.shell:create_environment_hook('go2_gazebo', 'cmake_prefix_path')
[6.037s] INFO:colcon.colcon_core.shell:Creating environment hook '/home/linda/blindenhund-dimos/go2_ws/install/go2_gazebo/share/go2_gazebo/hook/cmake_prefix_path.ps1'
[6.038s] INFO:colcon.colcon_core.shell:Creating environment descriptor '/home/linda/blindenhund-dimos/go2_ws/install/go2_gazebo/share/go2_gazebo/hook/cmake_prefix_path.dsv'
[6.039s] INFO:colcon.colcon_core.shell:Creating environment hook '/home/linda/blindenhund-dimos/go2_ws/install/go2_gazebo/share/go2_gazebo/hook/cmake_prefix_path.sh'
[6.041s] Level 1:colcon.colcon_core.environment:checking '/home/linda/blindenhund-dimos/go2_ws/install/go2_gazebo/bin'
[6.041s] Level 1:colcon.colcon_core.environment:checking '/home/linda/blindenhund-dimos/go2_ws/install/go2_gazebo/lib/pkgconfig/go2_gazebo.pc'
[6.041s] Level 1:colcon.colcon_core.environment:checking '/home/linda/blindenhund-dimos/go2_ws/install/go2_gazebo/lib/python3.10/site-packages'
[6.041s] Level 1:colcon.colcon_core.environment:checking '/home/linda/blindenhund-dimos/go2_ws/install/go2_gazebo/bin'
[6.042s] INFO:colcon.colcon_core.shell:Creating package script '/home/linda/blindenhund-dimos/go2_ws/install/go2_gazebo/share/go2_gazebo/package.ps1'
[6.043s] INFO:colcon.colcon_core.shell:Creating package descriptor '/home/linda/blindenhund-dimos/go2_ws/install/go2_gazebo/share/go2_gazebo/package.dsv'
[6.045s] INFO:colcon.colcon_core.shell:Creating package script '/home/linda/blindenhund-dimos/go2_ws/install/go2_gazebo/share/go2_gazebo/package.sh'
[6.046s] INFO:colcon.colcon_core.shell:Creating package script '/home/linda/blindenhund-dimos/go2_ws/install/go2_gazebo/share/go2_gazebo/package.bash'
[6.048s] INFO:colcon.colcon_core.shell:Creating package script '/home/linda/blindenhund-dimos/go2_ws/install/go2_gazebo/share/go2_gazebo/package.zsh'
[6.050s] Level 1:colcon.colcon_core.environment:create_file_with_runtime_dependencies(/home/linda/blindenhund-dimos/go2_ws/install/go2_gazebo/share/colcon-core/packages/go2_gazebo)
[6.075s] Level 1:colcon.colcon_core.environment:create_environment_scripts_only(go2_navigation)
[6.077s] Level 1:colcon.colcon_core.environment:checking '/home/linda/blindenhund-dimos/go2_ws/install/go2_navigation' for CMake module files
[6.077s] DEBUG:colcon.colcon_core.event_handler.log_command:Invoked command in '/home/linda/blindenhund-dimos/go2_ws/build/go2_navigation' returned '0': CMAKE_PREFIX_PATH=${CMAKE_PREFIX_PATH}:/home/linda/blindenhund-dimos/go2_ws/install/go2_bringup:/home/linda/ros2_ws/install/py_srvcli:/home/linda/ros2_ws/install/py_pubsub:/home/linda/ros2_ws/install/my_package:/home/linda/ros2_ws/install/launch_testing_examples:/home/linda/ros2_ws/install/examples_rclpy_pointcloud_publisher:/home/linda/ros2_ws/install/examples_rclpy_minimal_subscriber:/home/linda/ros2_ws/install/examples_rclpy_minimal_service:/home/linda/ros2_ws/install/examples_rclpy_minimal_publisher:/home/linda/ros2_ws/install/examples_rclpy_minimal_client:/home/linda/ros2_ws/install/examples_rclpy_minimal_action_server:/home/linda/ros2_ws/install/examples_rclpy_minimal_action_client:/home/linda/ros2_ws/install/examples_rclpy_guard_conditions:/home/linda/ros2_ws/install/examples_rclpy_executors:/home/linda/ros2_ws/install/examples_rclcpp_minimal_timer:/home/linda/ros2_ws/install/examples_rclcpp_minimal_publisher:/home/linda/ros2_ws/install/examples_rclcpp_async_client:/opt/ros/humble /usr/bin/cmake --install /home/linda/blindenhund-dimos/go2_ws/build/go2_navigation
[6.079s] Level 1:colcon.colcon_core.environment:checking '/home/linda/blindenhund-dimos/go2_ws/install/go2_navigation' for CMake config files
[6.082s] Level 1:colcon.colcon_core.shell:create_environment_hook('go2_navigation', 'cmake_prefix_path')
[6.083s] INFO:colcon.colcon_core.shell:Creating environment hook '/home/linda/blindenhund-dimos/go2_ws/install/go2_navigation/share/go2_navigation/hook/cmake_prefix_path.ps1'
[6.084s] INFO:colcon.colcon_core.shell:Creating environment descriptor '/home/linda/blindenhund-dimos/go2_ws/install/go2_navigation/share/go2_navigation/hook/cmake_prefix_path.dsv'
[6.085s] INFO:colcon.colcon_core.shell:Creating environment hook '/home/linda/blindenhund-dimos/go2_ws/install/go2_navigation/share/go2_navigation/hook/cmake_prefix_path.sh'
[6.086s] Level 1:colcon.colcon_core.environment:checking '/home/linda/blindenhund-dimos/go2_ws/install/go2_navigation/bin'
[6.086s] Level 1:colcon.colcon_core.environment:checking '/home/linda/blindenhund-dimos/go2_ws/install/go2_navigation/lib/pkgconfig/go2_navigation.pc'
[6.087s] Level 1:colcon.colcon_core.environment:checking '/home/linda/blindenhund-dimos/go2_ws/install/go2_navigation/lib/python3.10/site-packages'
[6.087s] Level 1:colcon.colcon_core.environment:checking '/home/linda/blindenhund-dimos/go2_ws/install/go2_navigation/bin'
[6.088s] INFO:colcon.colcon_core.shell:Creating package script '/home/linda/blindenhund-dimos/go2_ws/install/go2_navigation/share/go2_navigation/package.ps1'
[6.089s] INFO:colcon.colcon_core.shell:Creating package descriptor '/home/linda/blindenhund-dimos/go2_ws/install/go2_navigation/share/go2_navigation/package.dsv'
[6.090s] INFO:colcon.colcon_core.shell:Creating package script '/home/linda/blindenhund-dimos/go2_ws/install/go2_navigation/share/go2_navigation/package.sh'
[6.091s] INFO:colcon.colcon_core.shell:Creating package script '/home/linda/blindenhund-dimos/go2_ws/install/go2_navigation/share/go2_navigation/package.bash'
[6.092s] INFO:colcon.colcon_core.shell:Creating package script '/home/linda/blindenhund-dimos/go2_ws/install/go2_navigation/share/go2_navigation/package.zsh'
[6.093s] Level 1:colcon.colcon_core.environment:create_file_with_runtime_dependencies(/home/linda/blindenhund-dimos/go2_ws/install/go2_navigation/share/colcon-core/packages/go2_navigation)
[6.095s] Level 1:colcon.colcon_core.environment:create_environment_scripts_only(go2_navigation)
[6.096s] Level 1:colcon.colcon_core.environment:checking '/home/linda/blindenhund-dimos/go2_ws/install/go2_navigation' for CMake module files
[6.097s] Level 1:colcon.colcon_core.environment:checking '/home/linda/blindenhund-dimos/go2_ws/install/go2_navigation' for CMake config files
[6.098s] Level 1:colcon.colcon_core.shell:create_environment_hook('go2_navigation', 'cmake_prefix_path')
[6.099s] INFO:colcon.colcon_core.shell:Creating environment hook '/home/linda/blindenhund-dimos/go2_ws/install/go2_navigation/share/go2_navigation/hook/cmake_prefix_path.ps1'
[6.100s] INFO:colcon.colcon_core.shell:Creating environment descriptor '/home/linda/blindenhund-dimos/go2_ws/install/go2_navigation/share/go2_navigation/hook/cmake_prefix_path.dsv'
[6.101s] INFO:colcon.colcon_core.shell:Creating environment hook '/home/linda/blindenhund-dimos/go2_ws/install/go2_navigation/share/go2_navigation/hook/cmake_prefix_path.sh'
[6.103s] Level 1:colcon.colcon_core.environment:checking '/home/linda/blindenhund-dimos/go2_ws/install/go2_navigation/bin'
[6.103s] Level 1:colcon.colcon_core.environment:checking '/home/linda/blindenhund-dimos/go2_ws/install/go2_navigation/lib/pkgconfig/go2_navigation.pc'
[6.104s] Level 1:colcon.colcon_core.environment:checking '/home/linda/blindenhund-dimos/go2_ws/install/go2_navigation/lib/python3.10/site-packages'
[6.104s] Level 1:colcon.colcon_core.environment:checking '/home/linda/blindenhund-dimos/go2_ws/install/go2_navigation/bin'
[6.105s] INFO:colcon.colcon_core.shell:Creating package script '/home/linda/blindenhund-dimos/go2_ws/install/go2_navigation/share/go2_navigation/package.ps1'
[6.106s] INFO:colcon.colcon_core.shell:Creating package descriptor '/home/linda/blindenhund-dimos/go2_ws/install/go2_navigation/share/go2_navigation/package.dsv'
[6.107s] INFO:colcon.colcon_core.shell:Creating package script '/home/linda/blindenhund-dimos/go2_ws/install/go2_navigation/share/go2_navigation/package.sh'
[6.108s] INFO:colcon.colcon_core.shell:Creating package script '/home/linda/blindenhund-dimos/go2_ws/install/go2_navigation/share/go2_navigation/package.bash'
[6.109s] INFO:colcon.colcon_core.shell:Creating package script '/home/linda/blindenhund-dimos/go2_ws/install/go2_navigation/share/go2_navigation/package.zsh'
[6.110s] Level 1:colcon.colcon_core.environment:create_file_with_runtime_dependencies(/home/linda/blindenhund-dimos/go2_ws/install/go2_navigation/share/colcon-core/packages/go2_navigation)
[6.111s] INFO:colcon.colcon_ros.task.ament_python.build:Building ROS package in '/home/linda/blindenhund-dimos/go2_ws/src/go2_bringup' with build type 'ament_python'
[6.111s] Level 1:colcon.colcon_core.shell:create_environment_hook('go2_bringup', 'ament_prefix_path')
[6.112s] INFO:colcon.colcon_core.shell:Creating environment hook '/home/linda/blindenhund-dimos/go2_ws/install/go2_bringup/share/go2_bringup/hook/ament_prefix_path.ps1'
[6.116s] INFO:colcon.colcon_core.shell:Creating environment descriptor '/home/linda/blindenhund-dimos/go2_ws/install/go2_bringup/share/go2_bringup/hook/ament_prefix_path.dsv'
[6.117s] INFO:colcon.colcon_core.shell:Creating environment hook '/home/linda/blindenhund-dimos/go2_ws/install/go2_bringup/share/go2_bringup/hook/ament_prefix_path.sh'
[6.118s] INFO:colcon.colcon_core.shell:Skip shell extension 'powershell' for command environment: Not usable outside of PowerShell
[6.118s] DEBUG:colcon.colcon_core.shell:Skip shell extension 'dsv' for command environment
[6.939s] INFO:colcon.colcon_core.task.python.build:Building Python package in '/home/linda/blindenhund-dimos/go2_ws/src/go2_bringup'
[6.940s] INFO:colcon.colcon_core.shell:Skip shell extension 'powershell' for command environment: Not usable outside of PowerShell
[6.940s] DEBUG:colcon.colcon_core.shell:Skip shell extension 'dsv' for command environment
[7.023s] Level 1:colcon.colcon_core.environment:create_environment_scripts_only(go2_description)
[7.024s] Level 1:colcon.colcon_core.environment:checking '/home/linda/blindenhund-dimos/go2_ws/install/go2_description' for CMake module files
[7.025s] DEBUG:colcon.colcon_core.event_handler.log_command:Invoked command in '/home/linda/blindenhund-dimos/go2_ws/build/go2_description' returned '0': CMAKE_PREFIX_PATH=${CMAKE_PREFIX_PATH}:/home/linda/blindenhund-dimos/go2_ws/install/go2_bringup:/home/linda/ros2_ws/install/py_srvcli:/home/linda/ros2_ws/install/py_pubsub:/home/linda/ros2_ws/install/my_package:/home/linda/ros2_ws/install/launch_testing_examples:/home/linda/ros2_ws/install/examples_rclpy_pointcloud_publisher:/home/linda/ros2_ws/install/examples_rclpy_minimal_subscriber:/home/linda/ros2_ws/install/examples_rclpy_minimal_service:/home/linda/ros2_ws/install/examples_rclpy_minimal_publisher:/home/linda/ros2_ws/install/examples_rclpy_minimal_client:/home/linda/ros2_ws/install/examples_rclpy_minimal_action_server:/home/linda/ros2_ws/install/examples_rclpy_minimal_action_client:/home/linda/ros2_ws/install/examples_rclpy_guard_conditions:/home/linda/ros2_ws/install/examples_rclpy_executors:/home/linda/ros2_ws/install/examples_rclcpp_minimal_timer:/home/linda/ros2_ws/install/examples_rclcpp_minimal_publisher:/home/linda/ros2_ws/install/examples_rclcpp_async_client:/opt/ros/humble /usr/bin/cmake --install /home/linda/blindenhund-dimos/go2_ws/build/go2_description
[7.026s] Level 1:colcon.colcon_core.environment:checking '/home/linda/blindenhund-dimos/go2_ws/install/go2_description' for CMake config files
[7.027s] Level 1:colcon.colcon_core.shell:create_environment_hook('go2_description', 'cmake_prefix_path')
[7.027s] INFO:colcon.colcon_core.shell:Creating environment hook '/home/linda/blindenhund-dimos/go2_ws/install/go2_description/share/go2_description/hook/cmake_prefix_path.ps1'
[7.029s] INFO:colcon.colcon_core.shell:Creating environment descriptor '/home/linda/blindenhund-dimos/go2_ws/install/go2_description/share/go2_description/hook/cmake_prefix_path.dsv'
[7.030s] INFO:colcon.colcon_core.shell:Creating environment hook '/home/linda/blindenhund-dimos/go2_ws/install/go2_description/share/go2_description/hook/cmake_prefix_path.sh'
[7.031s] Level 1:colcon.colcon_core.environment:checking '/home/linda/blindenhund-dimos/go2_ws/install/go2_description/bin'
[7.031s] Level 1:colcon.colcon_core.environment:checking '/home/linda/blindenhund-dimos/go2_ws/install/go2_description/lib/pkgconfig/go2_description.pc'
[7.031s] Level 1:colcon.colcon_core.environment:checking '/home/linda/blindenhund-dimos/go2_ws/install/go2_description/lib/python3.10/site-packages'
[7.032s] Level 1:colcon.colcon_core.environment:checking '/home/linda/blindenhund-dimos/go2_ws/install/go2_description/bin'
[7.032s] INFO:colcon.colcon_core.shell:Creating package script '/home/linda/blindenhund-dimos/go2_ws/install/go2_description/share/go2_description/package.ps1'
[7.033s] INFO:colcon.colcon_core.shell:Creating package descriptor '/home/linda/blindenhund-dimos/go2_ws/install/go2_description/share/go2_description/package.dsv'
[7.034s] INFO:colcon.colcon_core.shell:Creating package script '/home/linda/blindenhund-dimos/go2_ws/install/go2_description/share/go2_description/package.sh'
[7.035s] INFO:colcon.colcon_core.shell:Creating package script '/home/linda/blindenhund-dimos/go2_ws/install/go2_description/share/go2_description/package.bash'
[7.036s] INFO:colcon.colcon_core.shell:Creating package script '/home/linda/blindenhund-dimos/go2_ws/install/go2_description/share/go2_description/package.zsh'
[7.036s] Level 1:colcon.colcon_core.environment:create_file_with_runtime_dependencies(/home/linda/blindenhund-dimos/go2_ws/install/go2_description/share/colcon-core/packages/go2_description)
[7.038s] Level 1:colcon.colcon_core.environment:create_environment_scripts_only(go2_description)
[7.039s] Level 1:colcon.colcon_core.environment:checking '/home/linda/blindenhund-dimos/go2_ws/install/go2_description' for CMake module files
[7.040s] Level 1:colcon.colcon_core.environment:checking '/home/linda/blindenhund-dimos/go2_ws/install/go2_description' for CMake config files
[7.041s] Level 1:colcon.colcon_core.shell:create_environment_hook('go2_description', 'cmake_prefix_path')
[7.041s] INFO:colcon.colcon_core.shell:Creating environment hook '/home/linda/blindenhund-dimos/go2_ws/install/go2_description/share/go2_description/hook/cmake_prefix_path.ps1'
[7.042s] INFO:colcon.colcon_core.shell:Creating environment descriptor '/home/linda/blindenhund-dimos/go2_ws/install/go2_description/share/go2_description/hook/cmake_prefix_path.dsv'
[7.043s] INFO:colcon.colcon_core.shell:Creating environment hook '/home/linda/blindenhund-dimos/go2_ws/install/go2_description/share/go2_description/hook/cmake_prefix_path.sh'
[7.044s] Level 1:colcon.colcon_core.environment:checking '/home/linda/blindenhund-dimos/go2_ws/install/go2_description/bin'
[7.044s] Level 1:colcon.colcon_core.environment:checking '/home/linda/blindenhund-dimos/go2_ws/install/go2_description/lib/pkgconfig/go2_description.pc'
[7.044s] Level 1:colcon.colcon_core.environment:checking '/home/linda/blindenhund-dimos/go2_ws/install/go2_description/lib/python3.10/site-packages'
[7.045s] Level 1:colcon.colcon_core.environment:checking '/home/linda/blindenhund-dimos/go2_ws/install/go2_description/bin'
[7.045s] INFO:colcon.colcon_core.shell:Creating package script '/home/linda/blindenhund-dimos/go2_ws/install/go2_description/share/go2_description/package.ps1'
[7.047s] INFO:colcon.colcon_core.shell:Creating package descriptor '/home/linda/blindenhund-dimos/go2_ws/install/go2_description/share/go2_description/package.dsv'
[7.049s] INFO:colcon.colcon_core.shell:Creating package script '/home/linda/blindenhund-dimos/go2_ws/install/go2_description/share/go2_description/package.sh'
[7.051s] INFO:colcon.colcon_core.shell:Creating package script '/home/linda/blindenhund-dimos/go2_ws/install/go2_description/share/go2_description/package.bash'
[7.052s] INFO:colcon.colcon_core.shell:Creating package script '/home/linda/blindenhund-dimos/go2_ws/install/go2_description/share/go2_description/package.zsh'
[7.054s] Level 1:colcon.colcon_core.environment:create_file_with_runtime_dependencies(/home/linda/blindenhund-dimos/go2_ws/install/go2_description/share/colcon-core/packages/go2_description)
[8.260s] DEBUG:colcon.colcon_core.event_handler.log_command:Invoking command in '/home/linda/blindenhund-dimos/go2_ws/build/go2_bringup': PYTHONPATH=/home/linda/blindenhund-dimos/go2_ws/build/go2_bringup/prefix_override:/usr/lib/python3/dist-packages/colcon_core/task/python/colcon_distutils_commands:/home/linda/blindenhund-dimos/go2_ws/install/go2_bringup/lib/python3.10/site-packages:${PYTHONPATH} /usr/bin/python3 -W ignore:setup.py install is deprecated -W ignore:easy_install command is deprecated setup.py develop --editable --build-directory /home/linda/blindenhund-dimos/go2_ws/build/go2_bringup/build --no-deps symlink_data
[9.418s] Level 1:colcon.colcon_core.shell:create_environment_hook('go2_bringup', 'pythonpath_develop')
[9.419s] INFO:colcon.colcon_core.shell:Creating environment hook '/home/linda/blindenhund-dimos/go2_ws/build/go2_bringup/share/go2_bringup/hook/pythonpath_develop.ps1'
[9.420s] DEBUG:colcon.colcon_core.event_handler.log_command:Invoked command in '/home/linda/blindenhund-dimos/go2_ws/build/go2_bringup' returned '0': PYTHONPATH=/home/linda/blindenhund-dimos/go2_ws/build/go2_bringup/prefix_override:/usr/lib/python3/dist-packages/colcon_core/task/python/colcon_distutils_commands:/home/linda/blindenhund-dimos/go2_ws/install/go2_bringup/lib/python3.10/site-packages:${PYTHONPATH} /usr/bin/python3 -W ignore:setup.py install is deprecated -W ignore:easy_install command is deprecated setup.py develop --editable --build-directory /home/linda/blindenhund-dimos/go2_ws/build/go2_bringup/build --no-deps symlink_data
[9.422s] INFO:colcon.colcon_core.shell:Creating environment descriptor '/home/linda/blindenhund-dimos/go2_ws/build/go2_bringup/share/go2_bringup/hook/pythonpath_develop.dsv'
[9.423s] INFO:colcon.colcon_core.shell:Creating environment hook '/home/linda/blindenhund-dimos/go2_ws/build/go2_bringup/share/go2_bringup/hook/pythonpath_develop.sh'
[9.425s] Level 1:colcon.colcon_core.environment:checking '/home/linda/blindenhund-dimos/go2_ws/install/go2_bringup' for CMake module files
[9.425s] Level 1:colcon.colcon_core.environment:checking '/home/linda/blindenhund-dimos/go2_ws/install/go2_bringup' for CMake config files
[9.427s] Level 1:colcon.colcon_core.environment:checking '/home/linda/blindenhund-dimos/go2_ws/install/go2_bringup/lib'
[9.427s] Level 1:colcon.colcon_core.environment:checking '/home/linda/blindenhund-dimos/go2_ws/install/go2_bringup/bin'
[9.427s] Level 1:colcon.colcon_core.environment:checking '/home/linda/blindenhund-dimos/go2_ws/install/go2_bringup/lib/pkgconfig/go2_bringup.pc'
[9.428s] Level 1:colcon.colcon_core.environment:checking '/home/linda/blindenhund-dimos/go2_ws/install/go2_bringup/lib/python3.10/site-packages'
[9.428s] Level 1:colcon.colcon_core.shell:create_environment_hook('go2_bringup', 'pythonpath')
[9.428s] INFO:colcon.colcon_core.shell:Creating environment hook '/home/linda/blindenhund-dimos/go2_ws/install/go2_bringup/share/go2_bringup/hook/pythonpath.ps1'
[9.429s] INFO:colcon.colcon_core.shell:Creating environment descriptor '/home/linda/blindenhund-dimos/go2_ws/install/go2_bringup/share/go2_bringup/hook/pythonpath.dsv'
[9.430s] INFO:colcon.colcon_core.shell:Creating environment hook '/home/linda/blindenhund-dimos/go2_ws/install/go2_bringup/share/go2_bringup/hook/pythonpath.sh'
[9.431s] Level 1:colcon.colcon_core.environment:checking '/home/linda/blindenhund-dimos/go2_ws/install/go2_bringup/bin'
[9.431s] Level 1:colcon.colcon_core.environment:create_environment_scripts_only(go2_bringup)
[9.432s] INFO:colcon.colcon_core.shell:Creating package script '/home/linda/blindenhund-dimos/go2_ws/install/go2_bringup/share/go2_bringup/package.ps1'
[9.433s] INFO:colcon.colcon_core.shell:Creating package descriptor '/home/linda/blindenhund-dimos/go2_ws/install/go2_bringup/share/go2_bringup/package.dsv'
[9.433s] INFO:colcon.colcon_core.shell:Creating package script '/home/linda/blindenhund-dimos/go2_ws/install/go2_bringup/share/go2_bringup/package.sh'
[9.435s] INFO:colcon.colcon_core.shell:Creating package script '/home/linda/blindenhund-dimos/go2_ws/install/go2_bringup/share/go2_bringup/package.bash'
[9.436s] INFO:colcon.colcon_core.shell:Creating package script '/home/linda/blindenhund-dimos/go2_ws/install/go2_bringup/share/go2_bringup/package.zsh'
[9.437s] Level 1:colcon.colcon_core.environment:create_file_with_runtime_dependencies(/home/linda/blindenhund-dimos/go2_ws/install/go2_bringup/share/colcon-core/packages/go2_bringup)
[9.439s] DEBUG:colcon.colcon_parallel_executor.executor.parallel:closing loop
[9.439s] DEBUG:colcon.colcon_parallel_executor.executor.parallel:loop closed
[9.440s] DEBUG:colcon.colcon_parallel_executor.executor.parallel:run_until_complete finished with '0'
[9.440s] DEBUG:colcon.colcon_core.event_reactor:joining thread
[9.535s] INFO:colcon.colcon_core.plugin_system:Skipping extension 'colcon_notification.desktop_notification.notify_send': Could not find 'notify-send'
[9.535s] INFO:colcon.colcon_core.plugin_system:Skipping extension 'colcon_notification.desktop_notification.terminal_notifier': Not used on non-Darwin systems
[9.535s] INFO:colcon.colcon_core.plugin_system:Skipping extension 'colcon_notification.desktop_notification.win32': Not used on non-Windows systems
[9.535s] INFO:colcon.colcon_notification.desktop_notification:Sending desktop notification using 'notify2'
[9.536s] DEBUG:colcon.colcon_notification.desktop_notification.notify2:Failed to initialize notify2: org.freedesktop.DBus.Error.FileNotFound: Failed to connect to socket /run/user/1000/bus: No such file or directory
[9.536s] DEBUG:colcon.colcon_core.event_reactor:joined thread
[9.537s] INFO:colcon.colcon_core.shell:Creating prefix script '/home/linda/blindenhund-dimos/go2_ws/install/local_setup.ps1'
[9.541s] INFO:colcon.colcon_core.shell:Creating prefix util module '/home/linda/blindenhund-dimos/go2_ws/install/_local_setup_util_ps1.py'
[9.544s] INFO:colcon.colcon_core.shell:Creating prefix chain script '/home/linda/blindenhund-dimos/go2_ws/install/setup.ps1'
[9.549s] INFO:colcon.colcon_core.shell:Creating prefix script '/home/linda/blindenhund-dimos/go2_ws/install/local_setup.sh'
[9.551s] INFO:colcon.colcon_core.shell:Creating prefix util module '/home/linda/blindenhund-dimos/go2_ws/install/_local_setup_util_sh.py'
[9.552s] INFO:colcon.colcon_core.shell:Creating prefix chain script '/home/linda/blindenhund-dimos/go2_ws/install/setup.sh'
[9.557s] INFO:colcon.colcon_core.shell:Creating prefix script '/home/linda/blindenhund-dimos/go2_ws/install/local_setup.bash'
[9.559s] INFO:colcon.colcon_core.shell:Creating prefix chain script '/home/linda/blindenhund-dimos/go2_ws/install/setup.bash'
[9.564s] INFO:colcon.colcon_core.shell:Creating prefix script '/home/linda/blindenhund-dimos/go2_ws/install/local_setup.zsh'
[9.565s] INFO:colcon.colcon_core.shell:Creating prefix chain script '/home/linda/blindenhund-dimos/go2_ws/install/setup.zsh'
